../Core/LoRa/Src/E32Lora.c:28:19:E32_WaitForAux	24	static
../Core/LoRa/Src/E32Lora.c:44:19:E32_ConfigResponse	24	static
../Core/LoRa/Src/E32Lora.c:60:19:E32_ConfigRequest	32	static
../Core/LoRa/Src/E32Lora.c:79:17:E32_GetBaud	4	static
../Core/LoRa/Src/E32Lora.c:84:12:E32_Init	24	static
../Core/LoRa/Src/E32Lora.c:101:12:E32_SetConfig	24	static
../Core/LoRa/Src/E32Lora.c:118:12:E32_SetMode	32	static
../Core/LoRa/Src/E32Lora.c:166:9:E32_GetMode	16	static
../Core/LoRa/Src/E32Lora.c:172:12:E32_GetConfig	24	static
../Core/LoRa/Src/E32Lora.c:188:12:E32_GetVersion	24	static
../Core/LoRa/Src/E32Lora.c:205:12:E32_Reset	16	static
../Core/LoRa/Src/E32Lora.c:228:12:E32_SaveParams	16	static
../Core/LoRa/Src/E32Lora.c:243:12:E32_SetParams	16	static
../Core/LoRa/Src/E32Lora.c:258:12:E32_SetAddress	16	static
../Core/LoRa/Src/E32Lora.c:269:12:E32_SetParity	16	static
../Core/LoRa/Src/E32Lora.c:280:12:E32_SetUartBaud	16	static
../Core/LoRa/Src/E32Lora.c:294:12:E32_SetAirRate	16	static
../Core/LoRa/Src/E32Lora.c:304:12:E32_SetChannel	16	static
../Core/LoRa/Src/E32Lora.c:314:12:E32_SetTransmissionMode	16	static
../Core/LoRa/Src/E32Lora.c:325:12:E32_SetIOMode	16	static
../Core/LoRa/Src/E32Lora.c:336:12:E32_SetWakeTime	16	static
../Core/LoRa/Src/E32Lora.c:347:12:E32_SetFECSwitch	16	static
../Core/LoRa/Src/E32Lora.c:357:12:E32_SetTXPower	16	static
../Core/LoRa/Src/E32Lora.c:366:12:E32_SetTargetChannel	16	static
../Core/LoRa/Src/E32Lora.c:372:12:E32_SetTargetAddress	16	static
../Core/LoRa/Src/E32Lora.c:378:12:E32_Transmit	48	dynamic
../Core/LoRa/Src/E32Lora.c:403:10:E32_ReceiveData	24	static
../Core/LoRa/Src/E32Lora.c:419:9:E32_DataAvailable	4	static
../Core/LoRa/Src/E32Lora.c:424:6:HAL_GPIO_EXTI_Callback	16	static
