Archive member included to satisfy reference by file (symbol)

c:/st/stm32cubeide_1.11.0/stm32cubeide/plugins/com.st.stm32cube.ide.mcu.externaltools.gnu-tools-for-stm32.10.3-2021.10.win32_1.0.200.202301161003/tools/bin/../lib/gcc/arm-none-eabi/10.3.1/../../../../arm-none-eabi/lib/thumb/v7-m/nofp\libc_nano.a(lib_a-errno.o)
                              ./Core/Src/syscalls.o (__errno)
c:/st/stm32cubeide_1.11.0/stm32cubeide/plugins/com.st.stm32cube.ide.mcu.externaltools.gnu-tools-for-stm32.10.3-2021.10.win32_1.0.200.202301161003/tools/bin/../lib/gcc/arm-none-eabi/10.3.1/../../../../arm-none-eabi/lib/thumb/v7-m/nofp\libc_nano.a(lib_a-exit.o)
                              c:/st/stm32cubeide_1.11.0/stm32cubeide/plugins/com.st.stm32cube.ide.mcu.externaltools.gnu-tools-for-stm32.10.3-2021.10.win32_1.0.200.202301161003/tools/bin/../lib/gcc/arm-none-eabi/10.3.1/../../../../arm-none-eabi/lib/thumb/v7-m/nofp/crt0.o (exit)
c:/st/stm32cubeide_1.11.0/stm32cubeide/plugins/com.st.stm32cube.ide.mcu.externaltools.gnu-tools-for-stm32.10.3-2021.10.win32_1.0.200.202301161003/tools/bin/../lib/gcc/arm-none-eabi/10.3.1/../../../../arm-none-eabi/lib/thumb/v7-m/nofp\libc_nano.a(lib_a-impure.o)
                              c:/st/stm32cubeide_1.11.0/stm32cubeide/plugins/com.st.stm32cube.ide.mcu.externaltools.gnu-tools-for-stm32.10.3-2021.10.win32_1.0.200.202301161003/tools/bin/../lib/gcc/arm-none-eabi/10.3.1/../../../../arm-none-eabi/lib/thumb/v7-m/nofp\libc_nano.a(lib_a-exit.o) (_global_impure_ptr)
c:/st/stm32cubeide_1.11.0/stm32cubeide/plugins/com.st.stm32cube.ide.mcu.externaltools.gnu-tools-for-stm32.10.3-2021.10.win32_1.0.200.202301161003/tools/bin/../lib/gcc/arm-none-eabi/10.3.1/../../../../arm-none-eabi/lib/thumb/v7-m/nofp\libc_nano.a(lib_a-init.o)
                              c:/st/stm32cubeide_1.11.0/stm32cubeide/plugins/com.st.stm32cube.ide.mcu.externaltools.gnu-tools-for-stm32.10.3-2021.10.win32_1.0.200.202301161003/tools/bin/../lib/gcc/arm-none-eabi/10.3.1/../../../../arm-none-eabi/lib/thumb/v7-m/nofp/crt0.o (__libc_init_array)
c:/st/stm32cubeide_1.11.0/stm32cubeide/plugins/com.st.stm32cube.ide.mcu.externaltools.gnu-tools-for-stm32.10.3-2021.10.win32_1.0.200.202301161003/tools/bin/../lib/gcc/arm-none-eabi/10.3.1/../../../../arm-none-eabi/lib/thumb/v7-m/nofp\libc_nano.a(lib_a-memcpy-stub.o)
                              ./Core/GPS/Src/lwgps.o (memcpy)
c:/st/stm32cubeide_1.11.0/stm32cubeide/plugins/com.st.stm32cube.ide.mcu.externaltools.gnu-tools-for-stm32.10.3-2021.10.win32_1.0.200.202301161003/tools/bin/../lib/gcc/arm-none-eabi/10.3.1/../../../../arm-none-eabi/lib/thumb/v7-m/nofp\libc_nano.a(lib_a-memset.o)
                              c:/st/stm32cubeide_1.11.0/stm32cubeide/plugins/com.st.stm32cube.ide.mcu.externaltools.gnu-tools-for-stm32.10.3-2021.10.win32_1.0.200.202301161003/tools/bin/../lib/gcc/arm-none-eabi/10.3.1/../../../../arm-none-eabi/lib/thumb/v7-m/nofp/crt0.o (memset)
c:/st/stm32cubeide_1.11.0/stm32cubeide/plugins/com.st.stm32cube.ide.mcu.externaltools.gnu-tools-for-stm32.10.3-2021.10.win32_1.0.200.202301161003/tools/bin/../lib/gcc/arm-none-eabi/10.3.1/../../../../arm-none-eabi/lib/thumb/v7-m/nofp\libc_nano.a(lib_a-strncmp.o)
                              ./Core/GPS/Src/lwgps.o (strncmp)
c:/st/stm32cubeide_1.11.0/stm32cubeide/plugins/com.st.stm32cube.ide.mcu.externaltools.gnu-tools-for-stm32.10.3-2021.10.win32_1.0.200.202301161003/tools/bin/../lib/gcc/arm-none-eabi/10.3.1/../../../../arm-none-eabi/lib/thumb/v7-m/nofp\libc_nano.a(lib_a-strtod.o)
                              ./Core/GPS/Src/lwgps.o (strtod)
c:/st/stm32cubeide_1.11.0/stm32cubeide/plugins/com.st.stm32cube.ide.mcu.externaltools.gnu-tools-for-stm32.10.3-2021.10.win32_1.0.200.202301161003/tools/bin/../lib/gcc/arm-none-eabi/10.3.1/../../../../arm-none-eabi/lib/thumb/v7-m/nofp\libc_nano.a(lib_a-gdtoa-gethex.o)
                              c:/st/stm32cubeide_1.11.0/stm32cubeide/plugins/com.st.stm32cube.ide.mcu.externaltools.gnu-tools-for-stm32.10.3-2021.10.win32_1.0.200.202301161003/tools/bin/../lib/gcc/arm-none-eabi/10.3.1/../../../../arm-none-eabi/lib/thumb/v7-m/nofp\libc_nano.a(lib_a-strtod.o) (__gethex)
c:/st/stm32cubeide_1.11.0/stm32cubeide/plugins/com.st.stm32cube.ide.mcu.externaltools.gnu-tools-for-stm32.10.3-2021.10.win32_1.0.200.202301161003/tools/bin/../lib/gcc/arm-none-eabi/10.3.1/../../../../arm-none-eabi/lib/thumb/v7-m/nofp\libc_nano.a(lib_a-gdtoa-hexnan.o)
                              c:/st/stm32cubeide_1.11.0/stm32cubeide/plugins/com.st.stm32cube.ide.mcu.externaltools.gnu-tools-for-stm32.10.3-2021.10.win32_1.0.200.202301161003/tools/bin/../lib/gcc/arm-none-eabi/10.3.1/../../../../arm-none-eabi/lib/thumb/v7-m/nofp\libc_nano.a(lib_a-strtod.o) (__match)
c:/st/stm32cubeide_1.11.0/stm32cubeide/plugins/com.st.stm32cube.ide.mcu.externaltools.gnu-tools-for-stm32.10.3-2021.10.win32_1.0.200.202301161003/tools/bin/../lib/gcc/arm-none-eabi/10.3.1/../../../../arm-none-eabi/lib/thumb/v7-m/nofp\libc_nano.a(lib_a-lnumeric.o)
[...]
Memory Configuration

Name             Origin             Length             Attributes
RAM              0x0000000020000000 0x0000000000005000 xrw
FLASH            0x0000000008000000 0x0000000000020000 xr
*default*        0x0000000000000000 0xffffffffffffffff

Linker script and memory map

LOAD c:/st/stm32cubeide_1.11.0/stm32cubeide/plugins/com.st.stm32cube.ide.mcu.externaltools.gnu-tools-for-stm32.10.3-2021.10.win32_1.0.200.202301161003/tools/bin/../lib/gcc/arm-none-eabi/10.3.1/thumb/v7-m/nofp/crti.o
LOAD c:/st/stm32cubeide_1.11.0/stm32cubeide/plugins/com.st.stm32cube.ide.mcu.externaltools.gnu-tools-for-stm32.10.3-2021.10.win32_1.0.200.202301161003/tools/bin/../lib/gcc/arm-none-eabi/10.3.1/thumb/v7-m/nofp/crtbegin.o
LOAD c:/st/stm32cubeide_1.11.0/stm32cubeide/plugins/com.st.stm32cube.ide.mcu.externaltools.gnu-tools-for-stm32.10.3-2021.10.win32_1.0.200.202301161003/tools/bin/../lib/gcc/arm-none-eabi/10.3.1/../../../../arm-none-eabi/lib/thumb/v7-m/nofp/crt0.o
LOAD ./Core/Fusion/FusionAhrs.o
LOAD ./Core/Fusion/FusionBias.o
LOAD ./Core/Fusion/FusionCompass.o
LOAD ./Core/GPS/Src/lwgps.o
LOAD ./Core/IMU/Src/bmi160.o
LOAD ./Core/IMU/Src/bmi160_wrapper.o
LOAD ./Core/IMU/Src/common_porting.o
LOAD ./Core/LoRa/Src/E32Lora.o
LOAD ./Core/LoRa/Src/lora_lib.o
LOAD ./Core/Presssure/Src/bmp3.o
LOAD ./Core/Presssure/Src/bmp3_common.o
LOAD ./Core/Presssure/Src/bmp3_wrapper.o
LOAD ./Core/Src/gpio.o
LOAD ./Core/Src/i2c.o
LOAD ./Core/Src/main.o
LOAD ./Core/Src/stm32f1xx_hal_msp.o
LOAD ./Core/Src/stm32f1xx_it.o
LOAD ./Core/Src/syscalls.o
LOAD ./Core/Src/sysmem.o
LOAD ./Core/Src/system_stm32f1xx.o
LOAD ./Core/Src/usart.o
LOAD ./Core/Startup/startup_stm32f103rbtx.o
LOAD ./Core/filter/Src/FusionAHRS.o
LOAD ./Core/filter/Src/LowPassFilter.o
LOAD ./Core/filter/Src/NotchFilter.o
LOAD ./Core/filter/Src/quaternion.o
LOAD ./Drivers/STM32F1xx_HAL_Driver/Src/stm32f1xx_hal.o
LOAD ./Drivers/STM32F1xx_HAL_Driver/Src/stm32f1xx_hal_cortex.o
LOAD ./Drivers/STM32F1xx_HAL_Driver/Src/stm32f1xx_hal_dma.o
LOAD ./Drivers/STM32F1xx_HAL_Driver/Src/stm32f1xx_hal_exti.o
LOAD ./Drivers/STM32F1xx_HAL_Driver/Src/stm32f1xx_hal_flash.o
LOAD ./Drivers/STM32F1xx_HAL_Driver/Src/stm32f1xx_hal_flash_ex.o
LOAD ./Drivers/STM32F1xx_HAL_Driver/Src/stm32f1xx_hal_gpio.o
LOAD ./Drivers/STM32F1xx_HAL_Driver/Src/stm32f1xx_hal_gpio_ex.o
LOAD ./Drivers/STM32F1xx_HAL_Driver/Src/stm32f1xx_hal_i2c.o
LOAD ./Drivers/STM32F1xx_HAL_Driver/Src/stm32f1xx_hal_pwr.o
LOAD ./Drivers/STM32F1xx_HAL_Driver/Src/stm32f1xx_hal_rcc.o
LOAD ./Drivers/STM32F1xx_HAL_Driver/Src/stm32f1xx_hal_rcc_ex.o
LOAD ./Drivers/STM32F1xx_HAL_Driver/Src/stm32f1xx_hal_tim.o
LOAD ./Drivers/STM32F1xx_HAL_Driver/Src/stm32f1xx_hal_tim_ex.o
LOAD ./Drivers/STM32F1xx_HAL_Driver/Src/stm32f1xx_hal_uart.o
START GROUP
LOAD c:/st/stm32cubeide_1.11.0/stm32cubeide/plugins/com.st.stm32cube.ide.mcu.externaltools.gnu-tools-for-stm32.10.3-2021.10.win32_1.0.200.202301161003/tools/bin/../lib/gcc/arm-none-eabi/10.3.1/../../../../arm-none-eabi/lib/thumb/v7-m/nofp\libc_nano.a
LOAD c:/st/stm32cubeide_1.11.0/stm32cubeide/plugins/com.st.stm32cube.ide.mcu.externaltools.gnu-tools-for-stm32.10.3-2021.10.win32_1.0.200.202301161003/tools/bin/../lib/gcc/arm-none-eabi/10.3.1/../../../../arm-none-eabi/lib/thumb/v7-m/nofp\libm.a
END GROUP
START GROUP
LOAD c:/st/stm32cubeide_1.11.0/stm32cubeide/plugins/com.st.stm32cube.ide.mcu.externaltools.gnu-tools-for-stm32.10.3-2021.10.win32_1.0.200.202301161003/tools/bin/../lib/gcc/arm-none-eabi/10.3.1/thumb/v7-m/nofp\libgcc.a
LOAD c:/st/stm32cubeide_1.11.0/stm32cubeide/plugins/com.st.stm32cube.ide.mcu.externaltools.gnu-tools-for-stm32.10.3-2021.10.win32_1.0.200.202301161003/tools/bin/../lib/gcc/arm-none-eabi/10.3.1/../../../../arm-none-eabi/lib/thumb/v7-m/nofp\libc_nano.a
END GROUP
START GROUP
LOAD c:/st/stm32cubeide_1.11.0/stm32cubeide/plugins/com.st.stm32cube.ide.mcu.externaltools.gnu-tools-for-stm32.10.3-2021.10.win32_1.0.200.202301161003/tools/bin/../lib/gcc/arm-none-eabi/10.3.1/thumb/v7-m/nofp\libgcc.a
LOAD c:/st/stm32cubeide_1.11.0/stm32cubeide/plugins/com.st.stm32cube.ide.mcu.externaltools.gnu-tools-for-stm32.10.3-2021.10.win32_1.0.200.202301161003/tools/bin/../lib/gcc/arm-none-eabi/10.3.1/../../../../arm-none-eabi/lib/thumb/v7-m/nofp\libc_nano.a
LOAD c:/st/stm32cubeide_1.11.0/stm32cubeide/plugins/com.st.stm32cube.ide.mcu.externaltools.gnu-tools-for-stm32.10.3-2021.10.win32_1.0.200.202301161003/tools/bin/../lib/gcc/arm-none-eabi/10.3.1/../../../../arm-none-eabi/lib/thumb/v7-m/nofp\libnosys.a
END GROUP
START GROUP
LOAD c:/st/stm32cubeide_1.11.0/stm32cubeide/plugins/com.st.stm32cube.ide.mcu.externaltools.gnu-tools-for-stm32.10.3-2021.10.win32_1.0.200.202301161003/tools/bin/../lib/gcc/arm-none-eabi/10.3.1/thumb/v7-m/nofp\libgcc.a
LOAD c:/st/stm32cubeide_1.11.0/stm32cubeide/plugins/com.st.stm32cube.ide.mcu.externaltools.gnu-tools-for-stm32.10.3-2021.10.win32_1.0.200.202301161003/tools/bin/../lib/gcc/arm-none-eabi/10.3.1/../../../../arm-none-eabi/lib/thumb/v7-m/nofp\libc_nano.a
LOAD c:/st/stm32cubeide_1.11.0/stm32cubeide/plugins/com.st.stm32cube.ide.mcu.externaltools.gnu-tools-for-stm32.10.3-2021.10.win32_1.0.200.202301161003/tools/bin/../lib/gcc/arm-none-eabi/10.3.1/../../../../arm-none-eabi/lib/thumb/v7-m/nofp\libnosys.a
END GROUP
LOAD c:/st/stm32cubeide_1.11.0/stm32cubeide/plugins/com.st.stm32cube.ide.mcu.externaltools.gnu-tools-for-stm32.10.3-2021.10.win32_1.0.200.202301161003/tools/bin/../lib/gcc/arm-none-eabi/10.3.1/thumb/v7-m/nofp/crtend.o
LOAD c:/st/stm32cubeide_1.11.0/stm32cubeide/plugins/com.st.stm32cube.ide.mcu.externaltools.gnu-tools-for-stm32.10.3-2021.10.win32_1.0.200.202301161003/tools/bin/../lib/gcc/arm-none-eabi/10.3.1/thumb/v7-m/nofp/crtn.o
                0x0000000020005000                _estack = (ORIGIN (RAM) + LENGTH (RAM))
                0x0000000000000200                _Min_Heap_Size = 0x200
                0x0000000000000400                _Min_Stack_Size = 0x400

.isr_vector     0x0000000008000000      0x10c
                0x0000000008000000                . = ALIGN (0x4)
 *(.isr_vector)
 .isr_vector    0x0000000008000000      0x10c ./Core/Startup/startup_stm32f103rbtx.o
                0x0000000008000000                g_pfnVectors
                0x000000000800010c                . = ALIGN (0x4)

.text           0x0000000008000110    0x126d8
                0x0000000008000110                . = ALIGN (0x4)
 *(.text)
 .text          0x0000000008000110       0x40 c:/st/stm32cubeide_1.11.0/stm32cubeide/plugins/com.st.stm32cube.ide.mcu.externaltools.gnu-tools-for-stm32.10.3-2021.10.win32_1.0.200.202301161003/tools/bin/../lib/gcc/arm-none-eabi/10.3.1/thumb/v7-m/nofp/crtbegin.o
 .text          0x0000000008000150       0x10 c:/st/stm32cubeide_1.11.0/stm32cubeide/plugins/com.st.stm32cube.ide.mcu.externaltools.gnu-tools-for-stm32.10.3-2021.10.win32_1.0.200.202301161003/tools/bin/../lib/gcc/arm-none-eabi/10.3.1/../../../../arm-none-eabi/lib/thumb/v7-m/nofp\libc_nano.a(lib_a-strlen.o)
                0x0000000008000150                strlen
 .text          0x0000000008000160      0x378 c:/st/stm32cubeide_1.11.0/stm32cubeide/plugins/com.st.stm32cube.ide.mcu.externaltools.gnu-tools-for-stm32.10.3-2021.10.win32_1.0.200.202301161003/tools/bin/../lib/gcc/arm-none-eabi/10.3.1/thumb/v7-m/nofp\libgcc.a(_arm_addsubdf3.o)
                0x0000000008000160                __aeabi_drsub
                0x0000000008000168                __aeabi_dsub
                0x0000000008000168                __subdf3
                0x000000000800016c                __aeabi_dadd
                0x000000000800016c                __adddf3
                0x00000000080003e4                __floatunsidf
                0x00000000080003e4                __aeabi_ui2d
                0x0000000008000404                __floatsidf
                0x0000000008000404                __aeabi_i2d
                0x0000000008000428                __aeabi_f2d
                0x0000000008000428                __extendsfdf2
                0x000000000800046c                __floatundidf
                0x000000000800046c                __aeabi_ul2d
                0x000000000800047c                __floatdidf
                0x000000000800047c                __aeabi_l2d
 .text          0x00000000080004d8      0x424 c:/st/stm32cubeide_1.11.0/stm32cubeide/plugins/com.st.stm32cube.ide.mcu.externaltools.gnu-tools-for-stm32.10.3-2021.10.win32_1.0.200.202301161003/tools/bin/../lib/gcc/arm-none-eabi/10.3.1/thumb/v7-m/nofp\libgcc.a(_arm_muldivdf3.o)
                0x00000000080004d8                __aeabi_dmul
                0x00000000080004d8                __muldf3
                0x000000000800072c                __divdf3
                0x000000000800072c                __aeabi_ddiv
 .text          0x00000000080008fc      0x110 c:/st/stm32cubeide_1.11.0/stm32cubeide/plugins/com.st.stm32cube.ide.mcu.externaltools.gnu-tools-for-stm32.10.3-2021.10.win32_1.0.200.202301161003/tools/bin/../lib/gcc/arm-none-eabi/10.3.1/thumb/v7-m/nofp\libgcc.a(_arm_cmpdf2.o)
                0x00000000080008fc                __gtdf2
                0x00000000080008fc                __gedf2
                0x0000000008000904                __ltdf2
                0x0000000008000904                __ledf2
                0x000000000800090c                __nedf2
                0x000000000800090c                __eqdf2
                0x000000000800090c                __cmpdf2
                0x0000000008000988                __aeabi_cdrcmple
                0x0000000008000998                __aeabi_cdcmpeq
                0x0000000008000998                __aeabi_cdcmple
                0x00000000080009a8                __aeabi_dcmpeq
                0x00000000080009bc                __aeabi_dcmplt
                0x00000000080009d0                __aeabi_dcmple
                0x00000000080009e4                __aeabi_dcmpge
                0x00000000080009f8                __aeabi_dcmpgt
 .text          0x0000000008000a0c       0x2c c:/st/stm32cubeide_1.11.0/stm32cubeide/plugins/com.st.stm32cube.ide.mcu.externaltools.gnu-tools-for-stm32.10.3-2021.10.win32_1.0.200.202301161003/tools/bin/../lib/gcc/arm-none-eabi/10.3.1/thumb/v7-m/nofp\libgcc.a(_arm_unorddf2.o)
                0x0000000008000a0c                __unorddf2
                0x0000000008000a0c                __aeabi_dcmpun
 .text          0x0000000008000a38       0x50 c:/st/stm32cubeide_1.11.0/stm32cubeide/plugins/com.st.stm32cube.ide.mcu.externaltools.gnu-tools-for-stm32.10.3-2021.10.win32_1.0.200.202301161003/tools/bin/../lib/gcc/arm-none-eabi/10.3.1/thumb/v7-m/nofp\libgcc.a(_arm_fixdfsi.o)
                0x0000000008000a38                __aeabi_d2iz
                0x0000000008000a38                __fixdfsi
 .text          0x0000000008000a88       0x40 c:/st/stm32cubeide_1.11.0/stm32cubeide/plugins/com.st.stm32cube.ide.mcu.externaltools.gnu-tools-for-stm32.10.3-2021.10.win32_1.0.200.202301161003/tools/bin/../lib/gcc/arm-none-eabi/10.3.1/thumb/v7-m/nofp\libgcc.a(_arm_fixunsdfsi.o)
                0x0000000008000a88                __aeabi_d2uiz
                0x0000000008000a88                __fixunsdfsi
 .text          0x0000000008000ac8       0xa0 c:/st/stm32cubeide_1.11.0/stm32cubeide/plugins/com.st.stm32cube.ide.mcu.externaltools.gnu-tools-for-stm32.10.3-2021.10.win32_1.0.200.202301161003/tools/bin/../lib/gcc/arm-none-eabi/10.3.1/thumb/v7-m/nofp\libgcc.a(_arm_truncdfsf2.o)
                0x0000000008000ac8                __truncdfsf2
                0x0000000008000ac8                __aeabi_d2f
 .text          0x0000000008000b68      0x21c c:/st/stm32cubeide_1.11.0/stm32cubeide/plugins/com.st.stm32cube.ide.mcu.externaltools.gnu-tools-for-stm32.10.3-2021.10.win32_1.0.200.202301161003/tools/bin/../lib/gcc/arm-none-eabi/10.3.1/thumb/v7-m/nofp\libgcc.a(_arm_addsubsf3.o)
                0x0000000008000b68                __aeabi_frsub
                0x0000000008000b70                __subsf3
                0x0000000008000b70                __aeabi_fsub
                0x0000000008000b74                __aeabi_fadd
                0x0000000008000b74                __addsf3
                0x0000000008000cd4                __aeabi_ui2f
                0x0000000008000cd4                __floatunsisf
                0x0000000008000cdc                __aeabi_i2f
                0x0000000008000cdc                __floatsisf
                0x0000000008000cf8                __aeabi_ul2f
                0x0000000008000cf8                __floatundisf
                0x0000000008000d08                __aeabi_l2f
                0x0000000008000d08                __floatdisf
 .text          0x0000000008000d84      0x2a0 c:/st/stm32cubeide_1.11.0/stm32cubeide/plugins/com.st.stm32cube.ide.mcu.externaltools.gnu-tools-for-stm32.10.3-2021.10.win32_1.0.200.202301161003/tools/bin/../lib/gcc/arm-none-eabi/10.3.1/thumb/v7-m/nofp\libgcc.a(_arm_muldivsf3.o)
                0x0000000008000d84                __mulsf3
                0x0000000008000d84                __aeabi_fmul
                0x0000000008000eec                __aeabi_fdiv
                0x0000000008000eec                __divsf3
 .text          0x0000000008001024       0xec c:/st/stm32cubeide_1.11.0/stm32cubeide/plugins/com.st.stm32cube.ide.mcu.externaltools.gnu-tools-for-stm32.10.3-2021.10.win32_1.0.200.202301161003/tools/bin/../lib/gcc/arm-none-eabi/10.3.1/thumb/v7-m/nofp\libgcc.a(_arm_cmpsf2.o)
                0x0000000008001024                __gesf2
                0x0000000008001024                __gtsf2
                0x000000000800102c                __lesf2
                0x000000000800102c                __ltsf2
                0x0000000008001034                __nesf2
                0x0000000008001034                __eqsf2
                0x0000000008001034                __cmpsf2
                0x0000000008001094                __aeabi_cfrcmple
                0x000000000800109c                __aeabi_cfcmpeq
                0x000000000800109c                __aeabi_cfcmple
                0x00000000080010ac                __aeabi_fcmpeq
                0x00000000080010c0                __aeabi_fcmplt
                0x00000000080010d4                __aeabi_fcmple
                0x00000000080010e8                __aeabi_fcmpge
                0x00000000080010fc                __aeabi_fcmpgt
 .text          0x0000000008001110       0x2c c:/st/stm32cubeide_1.11.0/stm32cubeide/plugins/com.st.stm32cube.ide.mcu.externaltools.gnu-tools-for-stm32.10.3-2021.10.win32_1.0.200.202301161003/tools/bin/../lib/gcc/arm-none-eabi/10.3.1/thumb/v7-m/nofp\libgcc.a(_arm_unordsf2.o)
                0x0000000008001110                __unordsf2
                0x0000000008001110                __aeabi_fcmpun
 .text          0x000000000800113c       0x4c c:/st/stm32cubeide_1.11.0/stm32cubeide/plugins/com.st.stm32cube.ide.mcu.externaltools.gnu-tools-for-stm32.10.3-2021.10.win32_1.0.200.202301161003/tools/bin/../lib/gcc/arm-none-eabi/10.3.1/thumb/v7-m/nofp\libgcc.a(_arm_fixsfsi.o)
                0x000000000800113c                __aeabi_f2iz
                0x000000000800113c                __fixsfsi
 .text          0x0000000008001188       0x40 c:/st/stm32cubeide_1.11.0/stm32cubeide/plugins/com.st.stm32cube.ide.mcu.externaltools.gnu-tools-for-stm32.10.3-2021.10.win32_1.0.200.202301161003/tools/bin/../lib/gcc/arm-none-eabi/10.3.1/thumb/v7-m/nofp\libgcc.a(_arm_fixunssfsi.o)
                0x0000000008001188                __fixunssfsi
                0x0000000008001188                __aeabi_f2uiz
 .text          0x00000000080011c8       0x34 c:/st/stm32cubeide_1.11.0/stm32cubeide/plugins/com.st.stm32cube.ide.mcu.externaltools.gnu-tools-for-stm32.10.3-2021.10.win32_1.0.200.202301161003/tools/bin/../lib/gcc/arm-none-eabi/10.3.1/thumb/v7-m/nofp\libgcc.a(_fixdfdi.o)
                0x00000000080011c8                __fixdfdi
                0x00000000080011c8                __aeabi_d2lz
 .text          0x00000000080011fc       0x3c c:/st/stm32cubeide_1.11.0/stm32cubeide/plugins/com.st.stm32cube.ide.mcu.externaltools.gnu-tools-for-stm32.10.3-2021.10.win32_1.0.200.202301161003/tools/bin/../lib/gcc/arm-none-eabi/10.3.1/thumb/v7-m/nofp\libgcc.a(_fixunsdfdi.o)
                0x00000000080011fc                __fixunsdfdi
                0x00000000080011fc                __aeabi_d2ulz
 *(.text*)
 .text.FusionAhrsInitialise
                0x0000000008001238       0x78 ./Core/Fusion/FusionAhrs.o
                0x0000000008001238                FusionAhrsInitialise
 .text.FusionAhrsSetMagneticField
                0x00000000080012b0       0x34 ./Core/Fusion/FusionAhrs.o
                0x00000000080012b0                FusionAhrsSetMagneticField
 .text.FusionAhrsUpdate
                0x00000000080012e4     0x16bc ./Core/Fusion/FusionAhrs.o
                0x00000000080012e4                FusionAhrsUpdate
 .text.FusionAhrsUpdateWithoutMagnetometer
                0x00000000080029a0       0x82 ./Core/Fusion/FusionAhrs.o
                0x00000000080029a0                FusionAhrsUpdateWithoutMagnetometer
 .text.FusionAhrsGetQuaternion
                0x0000000008002a22       0x4e ./Core/Fusion/FusionAhrs.o
                0x0000000008002a22                FusionAhrsGetQuaternion
 .text.FusionAhrsIsInitialising
                0x0000000008002a70       0x30 ./Core/Fusion/FusionAhrs.o
                0x0000000008002a70                FusionAhrsIsInitialising
 .text.FusionAhrsSetYaw
                0x0000000008002aa0      0x37c ./Core/Fusion/FusionAhrs.o
                0x0000000008002aa0                FusionAhrsSetYaw
 *fill*         0x0000000008002e1c        0x4 
 .text.FusionBiasInitialise
                0x0000000008002e20       0x70 ./Core/Fusion/FusionBias.o
                0x0000000008002e20                FusionBiasInitialise
 .text.FusionBiasUpdate
                0x0000000008002e90      0x1f4 ./Core/Fusion/FusionBias.o
                0x0000000008002e90                FusionBiasUpdate
 .text.prv_parse_number
                0x0000000008003084       0x92 ./Core/GPS/Src/lwgps.o
 .text.prv_parse_float_number
                0x0000000008003116       0x46 ./Core/GPS/Src/lwgps.o
 .text.prv_parse_lat_long
                0x000000000800315c       0x98 ./Core/GPS/Src/lwgps.o
 .text.prv_parse_term
                0x00000000080031f4      0x534 ./Core/GPS/Src/lwgps.o
 .text.prv_check_crc
                0x0000000008003728      0x114 ./Core/GPS/Src/lwgps.o
 .text.prv_copy_from_tmp_memory
                0x000000000800383c      0x14e ./Core/GPS/Src/lwgps.o
 .text.lwgps_init
                0x000000000800398a       0x1c ./Core/GPS/Src/lwgps.o
                0x000000000800398a                lwgps_init
 .text.lwgps_process
                0x00000000080039a6      0x180 ./Core/GPS/Src/lwgps.o
                0x00000000080039a6                lwgps_process
 .text.bmi160_get_regs
                0x0000000008003b26       0x66 ./Core/IMU/Src/bmi160.o
                0x0000000008003b26                bmi160_get_regs
 .text.bmi160_set_regs
                0x0000000008003b8c       0xc6 ./Core/IMU/Src/bmi160.o
                0x0000000008003b8c                bmi160_set_regs
 .text.bmi160_init
                0x0000000008003c52       0x9c ./Core/IMU/Src/bmi160.o
                0x0000000008003c52                bmi160_init
 .text.bmi160_soft_reset
                0x0000000008003cee       0x76 ./Core/IMU/Src/bmi160.o
                0x0000000008003cee                bmi160_soft_reset
 .text.bmi160_set_sens_conf
                0x0000000008003d64       0x6c ./Core/IMU/Src/bmi160.o
                0x0000000008003d64                bmi160_set_sens_conf
 .text.bmi160_set_power_mode
                0x0000000008003dd0       0x48 ./Core/IMU/Src/bmi160.o
                0x0000000008003dd0                bmi160_set_power_mode
 .text.bmi160_get_sensor_data
                0x0000000008003e18       0xce ./Core/IMU/Src/bmi160.o
                0x0000000008003e18                bmi160_get_sensor_data
 *fill*         0x0000000008003ee6        0x2 
 .text.bmi160_set_int_config
                0x0000000008003ee8      0x118 ./Core/IMU/Src/bmi160.o
                0x0000000008003ee8                bmi160_set_int_config
 .text.bmi160_start_foc
                0x0000000008004000      0x102 ./Core/IMU/Src/bmi160.o
                0x0000000008004000                bmi160_start_foc
 .text.bmi160_get_offsets
                0x0000000008004102       0xf6 ./Core/IMU/Src/bmi160.o
                0x0000000008004102                bmi160_get_offsets
 .text.set_accel_any_motion_int
                0x00000000080041f8       0x5c ./Core/IMU/Src/bmi160.o
 .text.set_accel_tap_int
                0x0000000008004254       0x72 ./Core/IMU/Src/bmi160.o
 .text.set_accel_gyro_data_ready_int
                0x00000000080042c6       0x66 ./Core/IMU/Src/bmi160.o
 .text.set_accel_sig_motion_int
                0x000000000800432c       0x5c ./Core/IMU/Src/bmi160.o
 .text.set_accel_no_motion_int
                0x0000000008004388       0x5c ./Core/IMU/Src/bmi160.o
 .text.set_accel_step_detect_int
                0x00000000080043e4       0x82 ./Core/IMU/Src/bmi160.o
 .text.set_accel_orientation_int
                0x0000000008004466       0x82 ./Core/IMU/Src/bmi160.o
 .text.set_accel_flat_detect_int
                0x00000000080044e8       0x82 ./Core/IMU/Src/bmi160.o
 .text.set_accel_low_g_int
                0x000000000800456a       0x96 ./Core/IMU/Src/bmi160.o
 .text.set_accel_high_g_int
                0x0000000008004600       0x96 ./Core/IMU/Src/bmi160.o
 .text.set_intr_pin_config
                0x0000000008004696       0x36 ./Core/IMU/Src/bmi160.o
 .text.null_ptr_check
                0x00000000080046cc       0x3e ./Core/IMU/Src/bmi160.o
 .text.default_param_settg
                0x000000000800470a       0x52 ./Core/IMU/Src/bmi160.o
 .text.set_accel_conf
                0x000000000800475c       0x7e ./Core/IMU/Src/bmi160.o
 .text.check_accel_config
                0x00000000080047da       0x66 ./Core/IMU/Src/bmi160.o
 .text.process_accel_odr
                0x0000000008004840       0x66 ./Core/IMU/Src/bmi160.o
 .text.process_accel_bw
                0x00000000080048a6       0x68 ./Core/IMU/Src/bmi160.o
 .text.process_accel_range
                0x000000000800490e       0x66 ./Core/IMU/Src/bmi160.o
 .text.check_invalid_settg
                0x0000000008004974       0x6a ./Core/IMU/Src/bmi160.o
 .text.set_gyro_conf
                0x00000000080049de       0x7e ./Core/IMU/Src/bmi160.o
 .text.check_gyro_config
                0x0000000008004a5c       0x66 ./Core/IMU/Src/bmi160.o
 .text.process_gyro_odr
                0x0000000008004ac2       0x66 ./Core/IMU/Src/bmi160.o
 .text.process_gyro_bw
                0x0000000008004b28       0x5c ./Core/IMU/Src/bmi160.o
 .text.process_gyro_range
                0x0000000008004b84       0x66 ./Core/IMU/Src/bmi160.o
 .text.set_accel_pwr
                0x0000000008004bea       0x84 ./Core/IMU/Src/bmi160.o
 .text.process_under_sampling
                0x0000000008004c6e       0xaa ./Core/IMU/Src/bmi160.o
 .text.set_gyro_pwr
                0x0000000008004d18       0x88 ./Core/IMU/Src/bmi160.o
 .text.get_accel_data
                0x0000000008004da0      0x196 ./Core/IMU/Src/bmi160.o
 .text.get_gyro_data
                0x0000000008004f36      0x294 ./Core/IMU/Src/bmi160.o
 .text.get_accel_gyro_data
                0x00000000080051ca      0x27e ./Core/IMU/Src/bmi160.o
 .text.enable_accel_any_motion_int
                0x0000000008005448       0xe6 ./Core/IMU/Src/bmi160.o
 .text.disable_sig_motion_int
                0x000000000800552e       0x62 ./Core/IMU/Src/bmi160.o
 .text.map_feature_interrupt
                0x0000000008005590      0x134 ./Core/IMU/Src/bmi160.o
 .text.map_hardware_interrupt
                0x00000000080056c4      0x110 ./Core/IMU/Src/bmi160.o
 .text.config_any_motion_src
                0x00000000080057d4       0x6c ./Core/IMU/Src/bmi160.o
 .text.config_any_dur_threshold
                0x0000000008005840       0x82 ./Core/IMU/Src/bmi160.o
 .text.config_any_motion_int_settg
                0x00000000080058c2       0x72 ./Core/IMU/Src/bmi160.o
 .text.enable_data_ready_int
                0x0000000008005934       0x5a ./Core/IMU/Src/bmi160.o
 .text.enable_no_motion_int
                0x000000000800598e       0xaa ./Core/IMU/Src/bmi160.o
 .text.config_no_motion_int_settg
                0x0000000008005a38       0x60 ./Core/IMU/Src/bmi160.o
 .text.config_no_motion_data_src
                0x0000000008005a98       0x6c ./Core/IMU/Src/bmi160.o
 .text.config_no_motion_dur_thr
                0x0000000008005b04       0xdc ./Core/IMU/Src/bmi160.o
 .text.enable_sig_motion_int
                0x0000000008005be0       0x82 ./Core/IMU/Src/bmi160.o
 .text.config_sig_motion_int_settg
                0x0000000008005c62       0x60 ./Core/IMU/Src/bmi160.o
 .text.config_sig_motion_data_src
                0x0000000008005cc2       0x6c ./Core/IMU/Src/bmi160.o
 .text.config_sig_dur_threshold
                0x0000000008005d2e       0xde ./Core/IMU/Src/bmi160.o
 .text.enable_step_detect_int
                0x0000000008005e0c       0x72 ./Core/IMU/Src/bmi160.o
 .text.config_step_detect
                0x0000000008005e7e      0x114 ./Core/IMU/Src/bmi160.o
 .text.enable_tap_int
                0x0000000008005f92       0xa6 ./Core/IMU/Src/bmi160.o
 .text.config_tap_int_settg
                0x0000000008006038       0x62 ./Core/IMU/Src/bmi160.o
 .text.config_tap_data_src
                0x000000000800609a       0x72 ./Core/IMU/Src/bmi160.o
 .text.config_tap_param
                0x000000000800610c      0x134 ./Core/IMU/Src/bmi160.o
 .text.enable_orient_int
                0x0000000008006240       0x72 ./Core/IMU/Src/bmi160.o
 .text.config_orient_int_settg
                0x00000000080062b2      0x132 ./Core/IMU/Src/bmi160.o
 .text.enable_flat_int
                0x00000000080063e4       0x6c ./Core/IMU/Src/bmi160.o
 .text.config_flat_int_settg
                0x0000000008006450       0xcc ./Core/IMU/Src/bmi160.o
 .text.enable_low_g_int
                0x000000000800651c       0x72 ./Core/IMU/Src/bmi160.o
 .text.config_low_g_data_src
                0x000000000800658e       0x6c ./Core/IMU/Src/bmi160.o
 *fill*         0x00000000080065fa        0x2 
 .text.config_low_g_int_settg
                0x00000000080065fc       0xb8 ./Core/IMU/Src/bmi160.o
 .text.enable_high_g_int
                0x00000000080066b4       0xc0 ./Core/IMU/Src/bmi160.o
 .text.config_high_g_data_src
                0x0000000008006774       0x6c ./Core/IMU/Src/bmi160.o
 .text.config_high_g_int_settg
                0x00000000080067e0       0x8c ./Core/IMU/Src/bmi160.o
 .text.config_int_out_ctrl
                0x000000000800686c      0x194 ./Core/IMU/Src/bmi160.o
 .text.config_int_latch
                0x0000000008006a00       0xd0 ./Core/IMU/Src/bmi160.o
 .text.set_fifo_full_int
                0x0000000008006ad0       0x62 ./Core/IMU/Src/bmi160.o
 .text.enable_fifo_full_int
                0x0000000008006b32       0x6c ./Core/IMU/Src/bmi160.o
 .text.set_fifo_watermark_int
                0x0000000008006b9e       0x62 ./Core/IMU/Src/bmi160.o
 .text.enable_fifo_wtm_int
                0x0000000008006c00       0x6c ./Core/IMU/Src/bmi160.o
 .text.get_foc_status
                0x0000000008006c6c       0x40 ./Core/IMU/Src/bmi160.o
 .text.configure_offset_enable
                0x0000000008006cac       0x94 ./Core/IMU/Src/bmi160.o
 .text.trigger_foc
                0x0000000008006d40       0xc0 ./Core/IMU/Src/bmi160.o
 .text.BMI160_init
                0x0000000008006e00      0x184 ./Core/IMU/Src/bmi160_wrapper.o
                0x0000000008006e00                BMI160_init
 .text.start_foc
                0x0000000008006f84       0x64 ./Core/IMU/Src/bmi160_wrapper.o
                0x0000000008006f84                start_foc
 .text.bmi160ReadAccelGyro
                0x0000000008006fe8      0x114 ./Core/IMU/Src/bmi160_wrapper.o
                0x0000000008006fe8                bmi160ReadAccelGyro
 .text.set_bmi160_Ares
                0x00000000080070fc       0x54 ./Core/IMU/Src/bmi160_wrapper.o
                0x00000000080070fc                set_bmi160_Ares
 .text.set_bmi160_Gres
                0x0000000008007150       0x60 ./Core/IMU/Src/bmi160_wrapper.o
                0x0000000008007150                set_bmi160_Gres
 .text.get_bmi160_Ares
                0x00000000080071b0       0x6c ./Core/IMU/Src/bmi160_wrapper.o
                0x00000000080071b0                get_bmi160_Ares
 .text.get_bmi160_Gres
                0x000000000800721c       0x88 ./Core/IMU/Src/bmi160_wrapper.o
                0x000000000800721c                get_bmi160_Gres
 .text.SensorAPI_I2Cx_Read
                0x00000000080072a4       0x54 ./Core/IMU/Src/common_porting.o
                0x00000000080072a4                SensorAPI_I2Cx_Read
 .text.SensorAPI_I2Cx_Write
                0x00000000080072f8       0x5c ./Core/IMU/Src/common_porting.o
                0x00000000080072f8                SensorAPI_I2Cx_Write
 .text.E32_WaitForAux
                0x0000000008007354       0x60 ./Core/LoRa/Src/E32Lora.o
 .text.E32_ConfigResponse
                0x00000000080073b4       0x58 ./Core/LoRa/Src/E32Lora.o
 .text.E32_ConfigRequest
                0x000000000800740c       0x6c ./Core/LoRa/Src/E32Lora.o
 .text.E32_GetBaud
                0x0000000008007478       0x24 ./Core/LoRa/Src/E32Lora.o
 .text.E32_Init
                0x000000000800749c       0x6c ./Core/LoRa/Src/E32Lora.o
                0x000000000800749c                E32_Init
 .text.E32_SetMode
                0x0000000008007508      0x12c ./Core/LoRa/Src/E32Lora.o
                0x0000000008007508                E32_SetMode
 .text.E32_GetMode
                0x0000000008007634       0x48 ./Core/LoRa/Src/E32Lora.o
                0x0000000008007634                E32_GetMode
 .text.E32_Transmit
                0x000000000800767c      0x114 ./Core/LoRa/Src/E32Lora.o
                0x000000000800767c                E32_Transmit
 .text.HAL_GPIO_EXTI_Callback
                0x0000000008007790       0x44 ./Core/LoRa/Src/E32Lora.o
                0x0000000008007790                HAL_GPIO_EXTI_Callback
 .text.check_sum_hesapla
                0x00000000080077d4       0x46 ./Core/LoRa/Src/lora_lib.o
                0x00000000080077d4                check_sum_hesapla
 .text.veriPaketle
                0x000000000800781a       0x36 ./Core/LoRa/Src/lora_lib.o
                0x000000000800781a                veriPaketle
 .text.verileriYolla
                0x0000000008007850       0x28 ./Core/LoRa/Src/lora_lib.o
                0x0000000008007850                verileriYolla
 .text.initDataPaket
                0x0000000008007878       0x60 ./Core/LoRa/Src/lora_lib.o
                0x0000000008007878                initDataPaket
 .text.bmp3_init
                0x00000000080078d8       0x8e ./Core/Presssure/Src/bmp3.o
                0x00000000080078d8                bmp3_init
 .text.bmp3_get_regs
                0x0000000008007966      0x120 ./Core/Presssure/Src/bmp3.o
                0x0000000008007966                bmp3_get_regs
 .text.bmp3_set_regs
                0x0000000008007a86      0x122 ./Core/Presssure/Src/bmp3.o
                0x0000000008007a86                bmp3_set_regs
 .text.bmp3_set_sensor_settings
                0x0000000008007ba8       0x9c ./Core/Presssure/Src/bmp3.o
                0x0000000008007ba8                bmp3_set_sensor_settings
 .text.bmp3_soft_reset
                0x0000000008007c44       0x94 ./Core/Presssure/Src/bmp3.o
                0x0000000008007c44                bmp3_soft_reset
 .text.bmp3_set_op_mode
                0x0000000008007cd8       0xa4 ./Core/Presssure/Src/bmp3.o
                0x0000000008007cd8                bmp3_set_op_mode
 .text.bmp3_get_op_mode
                0x0000000008007d7c       0x44 ./Core/Presssure/Src/bmp3.o
                0x0000000008007d7c                bmp3_get_op_mode
 .text.bmp3_get_sensor_data
                0x0000000008007dc0       0x80 ./Core/Presssure/Src/bmp3.o
                0x0000000008007dc0                bmp3_get_sensor_data
 .text.set_normal_mode
                0x0000000008007e40       0x66 ./Core/Presssure/Src/bmp3.o
 .text.write_power_mode
                0x0000000008007ea6       0x6c ./Core/Presssure/Src/bmp3.o
 .text.put_device_to_sleep
                0x0000000008007f12       0x50 ./Core/Presssure/Src/bmp3.o
 .text.validate_normal_mode_settings
                0x0000000008007f62       0x34 ./Core/Presssure/Src/bmp3.o
 .text.get_calib_data
                0x0000000008007f96       0x4a ./Core/Presssure/Src/bmp3.o
 .text.interleave_reg_addr
                0x0000000008007fe0       0x54 ./Core/Presssure/Src/bmp3.o
 .text.parse_odr_filter_settings
                0x0000000008008034       0x74 ./Core/Presssure/Src/bmp3.o
 .text.set_pwr_ctrl_settings
                0x00000000080080a8       0x9c ./Core/Presssure/Src/bmp3.o
 .text.set_odr_filter_settings
                0x0000000008008144       0xdc ./Core/Presssure/Src/bmp3.o
 .text.set_int_ctrl_settings
                0x0000000008008220       0xf4 ./Core/Presssure/Src/bmp3.o
 .text.set_advance_settings
                0x0000000008008314       0xa6 ./Core/Presssure/Src/bmp3.o
 .text.get_odr_filter_settings
                0x00000000080083ba       0x38 ./Core/Presssure/Src/bmp3.o
 *fill*         0x00000000080083f2        0x2 
 .text.validate_osr_and_odr_settings
                0x00000000080083f4       0x80 ./Core/Presssure/Src/bmp3.o
 .text.verify_meas_time_and_odr_duration
                0x0000000008008474       0x2a ./Core/Presssure/Src/bmp3.o
 *fill*         0x000000000800849e        0x2 
 .text.calculate_press_meas_time
                0x00000000080084a0       0x60 ./Core/Presssure/Src/bmp3.o
 .text.calculate_temp_meas_time
                0x0000000008008500       0x60 ./Core/Presssure/Src/bmp3.o
 .text.fill_osr_data
                0x0000000008008560       0xae ./Core/Presssure/Src/bmp3.o
 .text.fill_odr_data
                0x000000000800860e       0x72 ./Core/Presssure/Src/bmp3.o
 .text.fill_filter_data
                0x0000000008008680       0x6a ./Core/Presssure/Src/bmp3.o
 .text.parse_sensor_data
                0x00000000080086ea       0x76 ./Core/Presssure/Src/bmp3.o
 .text.compensate_data
                0x0000000008008760       0xe4 ./Core/Presssure/Src/bmp3.o
 .text.parse_calib_data
                0x0000000008008844      0x390 ./Core/Presssure/Src/bmp3.o
 .text.compensate_temperature
                0x0000000008008bd4       0xf4 ./Core/Presssure/Src/bmp3.o
 .text.compensate_pressure
                0x0000000008008cc8      0x2b0 ./Core/Presssure/Src/bmp3.o
 .text.pow_bmp3
                0x0000000008008f78       0x42 ./Core/Presssure/Src/bmp3.o
 .text.are_settings_changed
                0x0000000008008fba       0x2e ./Core/Presssure/Src/bmp3.o
 .text.null_ptr_check
                0x0000000008008fe8       0x46 ./Core/Presssure/Src/bmp3.o
 .text.bmp3_delay_us
                0x000000000800902e       0x18 ./Core/Presssure/Src/bmp3_common.o
                0x000000000800902e                bmp3_delay_us
 *fill*         0x0000000008009046        0x2 
 .text.SensorAPI_I2Cx_Read_bmp
                0x0000000008009048       0x50 ./Core/Presssure/Src/bmp3_common.o
                0x0000000008009048                SensorAPI_I2Cx_Read_bmp
 .text.SensorAPI_I2Cx_Write_bmp
                0x0000000008009098       0x50 ./Core/Presssure/Src/bmp3_common.o
                0x0000000008009098                SensorAPI_I2Cx_Write_bmp
 .text.BMP390_init
                0x00000000080090e8      0x104 ./Core/Presssure/Src/bmp3_wrapper.o
                0x00000000080090e8                BMP390_init
 *fill*         0x00000000080091ec        0x4 
 .text.BMP390_get_data
                0x00000000080091f0      0x204 ./Core/Presssure/Src/bmp3_wrapper.o
                0x00000000080091f0                BMP390_get_data
 .text.MX_GPIO_Init
                0x00000000080093f4      0x130 ./Core/Src/gpio.o
                0x00000000080093f4                MX_GPIO_Init
 .text.MX_I2C1_Init
                0x0000000008009524       0x5c ./Core/Src/i2c.o
                0x0000000008009524                MX_I2C1_Init
 .text.MX_I2C2_Init
                0x0000000008009580       0x5c ./Core/Src/i2c.o
                0x0000000008009580                MX_I2C2_Init
 .text.HAL_I2C_MspInit
                0x00000000080095dc       0xd8 ./Core/Src/i2c.o
                0x00000000080095dc                HAL_I2C_MspInit
 .text.HAL_UART_RxCpltCallback
                0x00000000080096b4       0x74 ./Core/Src/main.o
                0x00000000080096b4                HAL_UART_RxCpltCallback
 .text.main     0x0000000008009728      0x390 ./Core/Src/main.o
                0x0000000008009728                main
 .text.SystemClock_Config
                0x0000000008009ab8       0x82 ./Core/Src/main.o
                0x0000000008009ab8                SystemClock_Config
 .text.Error_Handler
                0x0000000008009b3a        0xa ./Core/Src/main.o
                0x0000000008009b3a                Error_Handler
 .text.HAL_MspInit
                0x0000000008009b44       0x64 ./Core/Src/stm32f1xx_hal_msp.o
                0x0000000008009b44                HAL_MspInit
 .text.NMI_Handler
                0x0000000008009ba8        0x6 ./Core/Src/stm32f1xx_it.o
                0x0000000008009ba8                NMI_Handler
 .text.HardFault_Handler
                0x0000000008009bae        0x6 ./Core/Src/stm32f1xx_it.o
                0x0000000008009bae                HardFault_Handler
 .text.MemManage_Handler
                0x0000000008009bb4        0x6 ./Core/Src/stm32f1xx_it.o
                0x0000000008009bb4                MemManage_Handler
 .text.BusFault_Handler
                0x0000000008009bba        0x6 ./Core/Src/stm32f1xx_it.o
                0x0000000008009bba                BusFault_Handler
 .text.UsageFault_Handler
                0x0000000008009bc0        0x6 ./Core/Src/stm32f1xx_it.o
                0x0000000008009bc0                UsageFault_Handler
 .text.SVC_Handler
                0x0000000008009bc6        0xc ./Core/Src/stm32f1xx_it.o
                0x0000000008009bc6                SVC_Handler
 .text.DebugMon_Handler
                0x0000000008009bd2        0xc ./Core/Src/stm32f1xx_it.o
                0x0000000008009bd2                DebugMon_Handler
 .text.PendSV_Handler
                0x0000000008009bde        0xc ./Core/Src/stm32f1xx_it.o
                0x0000000008009bde                PendSV_Handler
 .text.SysTick_Handler
                0x0000000008009bea        0xc ./Core/Src/stm32f1xx_it.o
                0x0000000008009bea                SysTick_Handler
 .text.EXTI4_IRQHandler
                0x0000000008009bf6        0xe ./Core/Src/stm32f1xx_it.o
                0x0000000008009bf6                EXTI4_IRQHandler
 .text.USART1_IRQHandler
                0x0000000008009c04       0x14 ./Core/Src/stm32f1xx_it.o
                0x0000000008009c04                USART1_IRQHandler
 .text._getpid  0x0000000008009c18        0xe ./Core/Src/syscalls.o
                0x0000000008009c18                _getpid
 .text._kill    0x0000000008009c26       0x20 ./Core/Src/syscalls.o
                0x0000000008009c26                _kill
 .text._exit    0x0000000008009c46       0x14 ./Core/Src/syscalls.o
                0x0000000008009c46                _exit
 .text._read    0x0000000008009c5a       0x3a ./Core/Src/syscalls.o
                0x0000000008009c5a                _read
 .text._write   0x0000000008009c94       0x38 ./Core/Src/syscalls.o
                0x0000000008009c94                _write
 .text._close   0x0000000008009ccc       0x16 ./Core/Src/syscalls.o
                0x0000000008009ccc                _close
 .text._fstat   0x0000000008009ce2       0x1e ./Core/Src/syscalls.o
                0x0000000008009ce2                _fstat
 .text._isatty  0x0000000008009d00       0x14 ./Core/Src/syscalls.o
                0x0000000008009d00                _isatty
 .text._lseek   0x0000000008009d14       0x18 ./Core/Src/syscalls.o
                0x0000000008009d14                _lseek
 .text._sbrk    0x0000000008009d2c       0x6c ./Core/Src/sysmem.o
                0x0000000008009d2c                _sbrk
 .text.SystemInit
                0x0000000008009d98        0xc ./Core/Src/system_stm32f1xx.o
                0x0000000008009d98                SystemInit
 .text.MX_USART1_UART_Init
                0x0000000008009da4       0x54 ./Core/Src/usart.o
                0x0000000008009da4                MX_USART1_UART_Init
 .text.MX_USART3_UART_Init
                0x0000000008009df8       0x54 ./Core/Src/usart.o
                0x0000000008009df8                MX_USART3_UART_Init
 .text.HAL_UART_MspInit
                0x0000000008009e4c      0x148 ./Core/Src/usart.o
                0x0000000008009e4c                HAL_UART_MspInit
 .text.Reset_Handler
                0x0000000008009f94       0x48 ./Core/Startup/startup_stm32f103rbtx.o
                0x0000000008009f94                Reset_Handler
 .text.Default_Handler
                0x0000000008009fdc        0x2 ./Core/Startup/startup_stm32f103rbtx.o
                0x0000000008009fdc                RTC_Alarm_IRQHandler
                0x0000000008009fdc                EXTI2_IRQHandler
                0x0000000008009fdc                TIM1_CC_IRQHandler
                0x0000000008009fdc                PVD_IRQHandler
                0x0000000008009fdc                EXTI3_IRQHandler
                0x0000000008009fdc                EXTI0_IRQHandler
                0x0000000008009fdc                I2C2_EV_IRQHandler
                0x0000000008009fdc                ADC1_2_IRQHandler
                0x0000000008009fdc                SPI1_IRQHandler
                0x0000000008009fdc                TAMPER_IRQHandler
                0x0000000008009fdc                DMA1_Channel4_IRQHandler
                0x0000000008009fdc                USART3_IRQHandler
                0x0000000008009fdc                RTC_IRQHandler
                0x0000000008009fdc                DMA1_Channel7_IRQHandler
                0x0000000008009fdc                CAN1_RX1_IRQHandler
                0x0000000008009fdc                TIM4_IRQHandler
                0x0000000008009fdc                I2C1_EV_IRQHandler
                0x0000000008009fdc                DMA1_Channel6_IRQHandler
                0x0000000008009fdc                TIM3_IRQHandler
                0x0000000008009fdc                RCC_IRQHandler
                0x0000000008009fdc                TIM1_TRG_COM_IRQHandler
                0x0000000008009fdc                DMA1_Channel1_IRQHandler
                0x0000000008009fdc                Default_Handler
                0x0000000008009fdc                EXTI15_10_IRQHandler
                0x0000000008009fdc                EXTI9_5_IRQHandler
                0x0000000008009fdc                SPI2_IRQHandler
                0x0000000008009fdc                DMA1_Channel5_IRQHandler
                0x0000000008009fdc                USB_LP_CAN1_RX0_IRQHandler
                0x0000000008009fdc                USB_HP_CAN1_TX_IRQHandler
                0x0000000008009fdc                DMA1_Channel3_IRQHandler
                0x0000000008009fdc                TIM1_UP_IRQHandler
                0x0000000008009fdc                WWDG_IRQHandler
                0x0000000008009fdc                TIM2_IRQHandler
                0x0000000008009fdc                TIM1_BRK_IRQHandler
                0x0000000008009fdc                EXTI1_IRQHandler
                0x0000000008009fdc                USART2_IRQHandler
                0x0000000008009fdc                I2C2_ER_IRQHandler
                0x0000000008009fdc                DMA1_Channel2_IRQHandler
                0x0000000008009fdc                CAN1_SCE_IRQHandler
                0x0000000008009fdc                FLASH_IRQHandler
                0x0000000008009fdc                I2C1_ER_IRQHandler
                0x0000000008009fdc                USBWakeUp_IRQHandler
 *fill*         0x0000000008009fde        0x2 
 .text.initFusionAHRS
                0x0000000008009fe0       0x48 ./Core/filter/Src/FusionAHRS.o
                0x0000000008009fe0                initFusionAHRS
 .text.getFusionAHRS_6DoF
                0x000000000800a028      0xaac ./Core/filter/Src/FusionAHRS.o
                0x000000000800a028                getFusionAHRS_6DoF
 .text.HAL_Init
                0x000000000800aad4       0x2c ./Drivers/STM32F1xx_HAL_Driver/Src/stm32f1xx_hal.o
                0x000000000800aad4                HAL_Init
 .text.HAL_InitTick
                0x000000000800ab00       0x60 ./Drivers/STM32F1xx_HAL_Driver/Src/stm32f1xx_hal.o
                0x000000000800ab00                HAL_InitTick
 .text.HAL_IncTick
                0x000000000800ab60       0x24 ./Drivers/STM32F1xx_HAL_Driver/Src/stm32f1xx_hal.o
                0x000000000800ab60                HAL_IncTick
 .text.HAL_GetTick
                0x000000000800ab84       0x14 ./Drivers/STM32F1xx_HAL_Driver/Src/stm32f1xx_hal.o
                0x000000000800ab84                HAL_GetTick
 .text.HAL_Delay
                0x000000000800ab98       0x48 ./Drivers/STM32F1xx_HAL_Driver/Src/stm32f1xx_hal.o
                0x000000000800ab98                HAL_Delay
 .text.__NVIC_SetPriorityGrouping
                0x000000000800abe0       0x48 ./Drivers/STM32F1xx_HAL_Driver/Src/stm32f1xx_hal_cortex.o
 .text.__NVIC_GetPriorityGrouping
                0x000000000800ac28       0x1c ./Drivers/STM32F1xx_HAL_Driver/Src/stm32f1xx_hal_cortex.o
 .text.__NVIC_EnableIRQ
                0x000000000800ac44       0x38 ./Drivers/STM32F1xx_HAL_Driver/Src/stm32f1xx_hal_cortex.o
 .text.__NVIC_SetPriority
                0x000000000800ac7c       0x54 ./Drivers/STM32F1xx_HAL_Driver/Src/stm32f1xx_hal_cortex.o
 .text.NVIC_EncodePriority
                0x000000000800acd0       0x64 ./Drivers/STM32F1xx_HAL_Driver/Src/stm32f1xx_hal_cortex.o
 .text.SysTick_Config
                0x000000000800ad34       0x44 ./Drivers/STM32F1xx_HAL_Driver/Src/stm32f1xx_hal_cortex.o
 .text.HAL_NVIC_SetPriorityGrouping
                0x000000000800ad78       0x16 ./Drivers/STM32F1xx_HAL_Driver/Src/stm32f1xx_hal_cortex.o
                0x000000000800ad78                HAL_NVIC_SetPriorityGrouping
 .text.HAL_NVIC_SetPriority
                0x000000000800ad8e       0x38 ./Drivers/STM32F1xx_HAL_Driver/Src/stm32f1xx_hal_cortex.o
                0x000000000800ad8e                HAL_NVIC_SetPriority
 .text.HAL_NVIC_EnableIRQ
                0x000000000800adc6       0x1c ./Drivers/STM32F1xx_HAL_Driver/Src/stm32f1xx_hal_cortex.o
                0x000000000800adc6                HAL_NVIC_EnableIRQ
 .text.HAL_SYSTICK_Config
                0x000000000800ade2       0x18 ./Drivers/STM32F1xx_HAL_Driver/Src/stm32f1xx_hal_cortex.o
                0x000000000800ade2                HAL_SYSTICK_Config
 .text.HAL_DMA_Abort
                0x000000000800adfa       0x76 ./Drivers/STM32F1xx_HAL_Driver/Src/stm32f1xx_hal_dma.o
                0x000000000800adfa                HAL_DMA_Abort
 .text.HAL_DMA_Abort_IT
                0x000000000800ae70       0xf0 ./Drivers/STM32F1xx_HAL_Driver/Src/stm32f1xx_hal_dma.o
                0x000000000800ae70                HAL_DMA_Abort_IT
 .text.HAL_GPIO_Init
                0x000000000800af60      0x308 ./Drivers/STM32F1xx_HAL_Driver/Src/stm32f1xx_hal_gpio.o
                0x000000000800af60                HAL_GPIO_Init
 .text.HAL_GPIO_ReadPin
                0x000000000800b268       0x2e ./Drivers/STM32F1xx_HAL_Driver/Src/stm32f1xx_hal_gpio.o
                0x000000000800b268                HAL_GPIO_ReadPin
 .text.HAL_GPIO_WritePin
                0x000000000800b296       0x30 ./Drivers/STM32F1xx_HAL_Driver/Src/stm32f1xx_hal_gpio.o
                0x000000000800b296                HAL_GPIO_WritePin
 *fill*         0x000000000800b2c6        0x2 
 .text.HAL_GPIO_EXTI_IRQHandler
                0x000000000800b2c8       0x30 ./Drivers/STM32F1xx_HAL_Driver/Src/stm32f1xx_hal_gpio.o
                0x000000000800b2c8                HAL_GPIO_EXTI_IRQHandler
 .text.HAL_I2C_Init
                0x000000000800b2f8      0x288 ./Drivers/STM32F1xx_HAL_Driver/Src/stm32f1xx_hal_i2c.o
                0x000000000800b2f8                HAL_I2C_Init
 .text.HAL_I2C_Master_Transmit
                0x000000000800b580      0x1fc ./Drivers/STM32F1xx_HAL_Driver/Src/stm32f1xx_hal_i2c.o
                0x000000000800b580                HAL_I2C_Master_Transmit
 .text.HAL_I2C_Master_Receive
                0x000000000800b77c      0x4d8 ./Drivers/STM32F1xx_HAL_Driver/Src/stm32f1xx_hal_i2c.o
                0x000000000800b77c                HAL_I2C_Master_Receive
 .text.I2C_MasterRequestWrite
                0x000000000800bc54      0x104 ./Drivers/STM32F1xx_HAL_Driver/Src/stm32f1xx_hal_i2c.o
 .text.I2C_MasterRequestRead
                0x000000000800bd58      0x19c ./Drivers/STM32F1xx_HAL_Driver/Src/stm32f1xx_hal_i2c.o
 .text.I2C_WaitOnFlagUntilTimeout
                0x000000000800bef4       0xf4 ./Drivers/STM32F1xx_HAL_Driver/Src/stm32f1xx_hal_i2c.o
 .text.I2C_WaitOnMasterAddressFlagUntilTimeout
                0x000000000800bfe8      0x140 ./Drivers/STM32F1xx_HAL_Driver/Src/stm32f1xx_hal_i2c.o
 .text.I2C_WaitOnTXEFlagUntilTimeout
                0x000000000800c128       0x90 ./Drivers/STM32F1xx_HAL_Driver/Src/stm32f1xx_hal_i2c.o
 .text.I2C_WaitOnBTFFlagUntilTimeout
                0x000000000800c1b8       0x90 ./Drivers/STM32F1xx_HAL_Driver/Src/stm32f1xx_hal_i2c.o
 .text.I2C_WaitOnRXNEFlagUntilTimeout
                0x000000000800c248       0xba ./Drivers/STM32F1xx_HAL_Driver/Src/stm32f1xx_hal_i2c.o
 .text.I2C_IsAcknowledgeFailed
                0x000000000800c302       0x5c ./Drivers/STM32F1xx_HAL_Driver/Src/stm32f1xx_hal_i2c.o
 *fill*         0x000000000800c35e        0x2 
 .text.HAL_RCC_OscConfig
                0x000000000800c360      0x504 ./Drivers/STM32F1xx_HAL_Driver/Src/stm32f1xx_hal_rcc.o
                0x000000000800c360                HAL_RCC_OscConfig
 .text.HAL_RCC_ClockConfig
                0x000000000800c864      0x1d4 ./Drivers/STM32F1xx_HAL_Driver/Src/stm32f1xx_hal_rcc.o
                0x000000000800c864                HAL_RCC_ClockConfig
 .text.HAL_RCC_GetSysClockFreq
                0x000000000800ca38       0xac ./Drivers/STM32F1xx_HAL_Driver/Src/stm32f1xx_hal_rcc.o
                0x000000000800ca38                HAL_RCC_GetSysClockFreq
 .text.HAL_RCC_GetHCLKFreq
                0x000000000800cae4       0x14 ./Drivers/STM32F1xx_HAL_Driver/Src/stm32f1xx_hal_rcc.o
                0x000000000800cae4                HAL_RCC_GetHCLKFreq
 .text.HAL_RCC_GetPCLK1Freq
                0x000000000800caf8       0x28 ./Drivers/STM32F1xx_HAL_Driver/Src/stm32f1xx_hal_rcc.o
                0x000000000800caf8                HAL_RCC_GetPCLK1Freq
 .text.HAL_RCC_GetPCLK2Freq
                0x000000000800cb20       0x28 ./Drivers/STM32F1xx_HAL_Driver/Src/stm32f1xx_hal_rcc.o
                0x000000000800cb20                HAL_RCC_GetPCLK2Freq
 .text.RCC_Delay
                0x000000000800cb48       0x3c ./Drivers/STM32F1xx_HAL_Driver/Src/stm32f1xx_hal_rcc.o
 .text.HAL_UART_Init
                0x000000000800cb84       0xa0 ./Drivers/STM32F1xx_HAL_Driver/Src/stm32f1xx_hal_uart.o
                0x000000000800cb84                HAL_UART_Init
 .text.HAL_UART_Transmit
                0x000000000800cc24      0x106 ./Drivers/STM32F1xx_HAL_Driver/Src/stm32f1xx_hal_uart.o
                0x000000000800cc24                HAL_UART_Transmit
 .text.HAL_UART_Receive
                0x000000000800cd2a      0x124 ./Drivers/STM32F1xx_HAL_Driver/Src/stm32f1xx_hal_uart.o
                0x000000000800cd2a                HAL_UART_Receive
 .text.HAL_UART_Receive_IT
                0x000000000800ce4e       0x4a ./Drivers/STM32F1xx_HAL_Driver/Src/stm32f1xx_hal_uart.o
                0x000000000800ce4e                HAL_UART_Receive_IT
 .text.HAL_UART_IRQHandler
                0x000000000800ce98      0x524 ./Drivers/STM32F1xx_HAL_Driver/Src/stm32f1xx_hal_uart.o
                0x000000000800ce98                HAL_UART_IRQHandler
 .text.HAL_UART_TxCpltCallback
                0x000000000800d3bc       0x12 ./Drivers/STM32F1xx_HAL_Driver/Src/stm32f1xx_hal_uart.o
                0x000000000800d3bc                HAL_UART_TxCpltCallback
 .text.HAL_UART_ErrorCallback
                0x000000000800d3ce       0x12 ./Drivers/STM32F1xx_HAL_Driver/Src/stm32f1xx_hal_uart.o
                0x000000000800d3ce                HAL_UART_ErrorCallback
 .text.HAL_UARTEx_RxEventCallback
                0x000000000800d3e0       0x16 ./Drivers/STM32F1xx_HAL_Driver/Src/stm32f1xx_hal_uart.o
                0x000000000800d3e0                HAL_UARTEx_RxEventCallback
 .text.UART_WaitOnFlagUntilTimeout
                0x000000000800d3f6       0xdc ./Drivers/STM32F1xx_HAL_Driver/Src/stm32f1xx_hal_uart.o
 .text.UART_Start_Receive_IT
                0x000000000800d4d2       0x72 ./Drivers/STM32F1xx_HAL_Driver/Src/stm32f1xx_hal_uart.o
                0x000000000800d4d2                UART_Start_Receive_IT
 .text.UART_EndRxTransfer
                0x000000000800d544       0xc4 ./Drivers/STM32F1xx_HAL_Driver/Src/stm32f1xx_hal_uart.o
 .text.UART_DMAAbortOnError
                0x000000000800d608       0x28 ./Drivers/STM32F1xx_HAL_Driver/Src/stm32f1xx_hal_uart.o
 .text.UART_Transmit_IT
                0x000000000800d630       0x9e ./Drivers/STM32F1xx_HAL_Driver/Src/stm32f1xx_hal_uart.o
 .text.UART_EndTransmit_IT
                0x000000000800d6ce       0x30 ./Drivers/STM32F1xx_HAL_Driver/Src/stm32f1xx_hal_uart.o
 .text.UART_Receive_IT
                0x000000000800d6fe      0x17c ./Drivers/STM32F1xx_HAL_Driver/Src/stm32f1xx_hal_uart.o
 *fill*         0x000000000800d87a        0x2 
 .text.UART_SetConfig
                0x000000000800d87c      0x11c ./Drivers/STM32F1xx_HAL_Driver/Src/stm32f1xx_hal_uart.o
 .text.__errno  0x000000000800d998        0xc c:/st/stm32cubeide_1.11.0/stm32cubeide/plugins/com.st.stm32cube.ide.mcu.externaltools.gnu-tools-for-stm32.10.3-2021.10.win32_1.0.200.202301161003/tools/bin/../lib/gcc/arm-none-eabi/10.3.1/../../../../arm-none-eabi/lib/thumb/v7-m/nofp\libc_nano.a(lib_a-errno.o)
                0x000000000800d998                __errno
 .text.__libc_init_array
                0x000000000800d9a4       0x48 c:/st/stm32cubeide_1.11.0/stm32cubeide/plugins/com.st.stm32cube.ide.mcu.externaltools.gnu-tools-for-stm32.10.3-2021.10.win32_1.0.200.202301161003/tools/bin/../lib/gcc/arm-none-eabi/10.3.1/../../../../arm-none-eabi/lib/thumb/v7-m/nofp\libc_nano.a(lib_a-init.o)
                0x000000000800d9a4                __libc_init_array
 .text.memcpy   0x000000000800d9ec       0x1c c:/st/stm32cubeide_1.11.0/stm32cubeide/plugins/com.st.stm32cube.ide.mcu.externaltools.gnu-tools-for-stm32.10.3-2021.10.win32_1.0.200.202301161003/tools/bin/../lib/gcc/arm-none-eabi/10.3.1/../../../../arm-none-eabi/lib/thumb/v7-m/nofp\libc_nano.a(lib_a-memcpy-stub.o)
                0x000000000800d9ec                memcpy
 .text.memset   0x000000000800da08       0x10 c:/st/stm32cubeide_1.11.0/stm32cubeide/plugins/com.st.stm32cube.ide.mcu.externaltools.gnu-tools-for-stm32.10.3-2021.10.win32_1.0.200.202301161003/tools/bin/../lib/gcc/arm-none-eabi/10.3.1/../../../../arm-none-eabi/lib/thumb/v7-m/nofp\libc_nano.a(lib_a-memset.o)
                0x000000000800da08                memset
 .text.strncmp  0x000000000800da18       0x28 c:/st/stm32cubeide_1.11.0/stm32cubeide/plugins/com.st.stm32cube.ide.mcu.externaltools.gnu-tools-for-stm32.10.3-2021.10.win32_1.0.200.202301161003/tools/bin/../lib/gcc/arm-none-eabi/10.3.1/../../../../arm-none-eabi/lib/thumb/v7-m/nofp\libc_nano.a(lib_a-strncmp.o)
                0x000000000800da18                strncmp
 .text.sulp     0x000000000800da40       0x42 c:/st/stm32cubeide_1.11.0/stm32cubeide/plugins/com.st.stm32cube.ide.mcu.externaltools.gnu-tools-for-stm32.10.3-2021.10.win32_1.0.200.202301161003/tools/bin/../lib/gcc/arm-none-eabi/10.3.1/../../../../arm-none-eabi/lib/thumb/v7-m/nofp\libc_nano.a(lib_a-strtod.o)
 *fill*         0x000000000800da82        0x6 
 .text._strtod_l
                0x000000000800da88      0xbd0 c:/st/stm32cubeide_1.11.0/stm32cubeide/plugins/com.st.stm32cube.ide.mcu.externaltools.gnu-tools-for-stm32.10.3-2021.10.win32_1.0.200.202301161003/tools/bin/../lib/gcc/arm-none-eabi/10.3.1/../../../../arm-none-eabi/lib/thumb/v7-m/nofp\libc_nano.a(lib_a-strtod.o)
                0x000000000800da88                _strtod_l
 .text.strtod   0x000000000800e658       0x18 c:/st/stm32cubeide_1.11.0/stm32cubeide/plugins/com.st.stm32cube.ide.mcu.externaltools.gnu-tools-for-stm32.10.3-2021.10.win32_1.0.200.202301161003/tools/bin/../lib/gcc/arm-none-eabi/10.3.1/../../../../arm-none-eabi/lib/thumb/v7-m/nofp\libc_nano.a(lib_a-strtod.o)
                0x000000000800e658                strtod
 .text.rshift   0x000000000800e670       0xa6 c:/st/stm32cubeide_1.11.0/stm32cubeide/plugins/com.st.stm32cube.ide.mcu.externaltools.gnu-tools-for-stm32.10.3-2021.10.win32_1.0.200.202301161003/tools/bin/../lib/gcc/arm-none-eabi/10.3.1/../../../../arm-none-eabi/lib/thumb/v7-m/nofp\libc_nano.a(lib_a-gdtoa-gethex.o)
 .text.__hexdig_fun
                0x000000000800e716       0x2a c:/st/stm32cubeide_1.11.0/stm32cubeide/plugins/com.st.stm32cube.ide.mcu.externaltools.gnu-tools-for-stm32.10.3-2021.10.win32_1.0.200.202301161003/tools/bin/../lib/gcc/arm-none-eabi/10.3.1/../../../../arm-none-eabi/lib/thumb/v7-m/nofp\libc_nano.a(lib_a-gdtoa-gethex.o)
                0x000000000800e716                __hexdig_fun
 .text.__gethex
                0x000000000800e740      0x478 c:/st/stm32cubeide_1.11.0/stm32cubeide/plugins/com.st.stm32cube.ide.mcu.externaltools.gnu-tools-for-stm32.10.3-2021.10.win32_1.0.200.202301161003/tools/bin/../lib/gcc/arm-none-eabi/10.3.1/../../../../arm-none-eabi/lib/thumb/v7-m/nofp\libc_nano.a(lib_a-gdtoa-gethex.o)
                0x000000000800e740                __gethex
 .text.L_shift  0x000000000800ebb8       0x24 c:/st/stm32cubeide_1.11.0/stm32cubeide/plugins/com.st.stm32cube.ide.mcu.externaltools.gnu-tools-for-stm32.10.3-2021.10.win32_1.0.200.202301161003/tools/bin/../lib/gcc/arm-none-eabi/10.3.1/../../../../arm-none-eabi/lib/thumb/v7-m/nofp\libc_nano.a(lib_a-gdtoa-hexnan.o)
 .text.__match  0x000000000800ebdc       0x28 c:/st/stm32cubeide_1.11.0/stm32cubeide/plugins/com.st.stm32cube.ide.mcu.externaltools.gnu-tools-for-stm32.10.3-2021.10.win32_1.0.200.202301161003/tools/bin/../lib/gcc/arm-none-eabi/10.3.1/../../../../arm-none-eabi/lib/thumb/v7-m/nofp\libc_nano.a(lib_a-gdtoa-hexnan.o)
                0x000000000800ebdc                __match
 .text.__hexnan
                0x000000000800ec04      0x138 c:/st/stm32cubeide_1.11.0/stm32cubeide/plugins/com.st.stm32cube.ide.mcu.externaltools.gnu-tools-for-stm32.10.3-2021.10.win32_1.0.200.202301161003/tools/bin/../lib/gcc/arm-none-eabi/10.3.1/../../../../arm-none-eabi/lib/thumb/v7-m/nofp\libc_nano.a(lib_a-gdtoa-hexnan.o)
                0x000000000800ec04                __hexnan
 .text.__ascii_mbtowc
                0x000000000800ed3c       0x24 c:/st/stm32cubeide_1.11.0/stm32cubeide/plugins/com.st.stm32cube.ide.mcu.externaltools.gnu-tools-for-stm32.10.3-2021.10.win32_1.0.200.202301161003/tools/bin/../lib/gcc/arm-none-eabi/10.3.1/../../../../arm-none-eabi/lib/thumb/v7-m/nofp\libc_nano.a(lib_a-mbtowc_r.o)
                0x000000000800ed3c                __ascii_mbtowc
 .text._Balloc  0x000000000800ed60       0x80 c:/st/stm32cubeide_1.11.0/stm32cubeide/plugins/com.st.stm32cube.ide.mcu.externaltools.gnu-tools-for-stm32.10.3-2021.10.win32_1.0.200.202301161003/tools/bin/../lib/gcc/arm-none-eabi/10.3.1/../../../../arm-none-eabi/lib/thumb/v7-m/nofp\libc_nano.a(lib_a-mprec.o)
                0x000000000800ed60                _Balloc
 .text._Bfree   0x000000000800ede0       0x44 c:/st/stm32cubeide_1.11.0/stm32cubeide/plugins/com.st.stm32cube.ide.mcu.externaltools.gnu-tools-for-stm32.10.3-2021.10.win32_1.0.200.202301161003/tools/bin/../lib/gcc/arm-none-eabi/10.3.1/../../../../arm-none-eabi/lib/thumb/v7-m/nofp\libc_nano.a(lib_a-mprec.o)
                0x000000000800ede0                _Bfree
 .text.__multadd
                0x000000000800ee24       0x8c c:/st/stm32cubeide_1.11.0/stm32cubeide/plugins/com.st.stm32cube.ide.mcu.externaltools.gnu-tools-for-stm32.10.3-2021.10.win32_1.0.200.202301161003/tools/bin/../lib/gcc/arm-none-eabi/10.3.1/../../../../arm-none-eabi/lib/thumb/v7-m/nofp\libc_nano.a(lib_a-mprec.o)
                0x000000000800ee24                __multadd
 .text.__s2b    0x000000000800eeb0       0x94 c:/st/stm32cubeide_1.11.0/stm32cubeide/plugins/com.st.stm32cube.ide.mcu.externaltools.gnu-tools-for-stm32.10.3-2021.10.win32_1.0.200.202301161003/tools/bin/../lib/gcc/arm-none-eabi/10.3.1/../../../../arm-none-eabi/lib/thumb/v7-m/nofp\libc_nano.a(lib_a-mprec.o)
                0x000000000800eeb0                __s2b
 .text.__hi0bits
                0x000000000800ef44       0x40 c:/st/stm32cubeide_1.11.0/stm32cubeide/plugins/com.st.stm32cube.ide.mcu.externaltools.gnu-tools-for-stm32.10.3-2021.10.win32_1.0.200.202301161003/tools/bin/../lib/gcc/arm-none-eabi/10.3.1/../../../../arm-none-eabi/lib/thumb/v7-m/nofp\libc_nano.a(lib_a-mprec.o)
                0x000000000800ef44                __hi0bits
 .text.__lo0bits
                0x000000000800ef84       0x5a c:/st/stm32cubeide_1.11.0/stm32cubeide/plugins/com.st.stm32cube.ide.mcu.externaltools.gnu-tools-for-stm32.10.3-2021.10.win32_1.0.200.202301161003/tools/bin/../lib/gcc/arm-none-eabi/10.3.1/../../../../arm-none-eabi/lib/thumb/v7-m/nofp\libc_nano.a(lib_a-mprec.o)
                0x000000000800ef84                __lo0bits
 *fill*         0x000000000800efde        0x2 
 .text.__i2b    0x000000000800efe0       0x2c c:/st/stm32cubeide_1.11.0/stm32cubeide/plugins/com.st.stm32cube.ide.mcu.externaltools.gnu-tools-for-stm32.10.3-2021.10.win32_1.0.200.202301161003/tools/bin/../lib/gcc/arm-none-eabi/10.3.1/../../../../arm-none-eabi/lib/thumb/v7-m/nofp\libc_nano.a(lib_a-mprec.o)
                0x000000000800efe0                __i2b
 .text.__multiply
                0x000000000800f00c      0x150 c:/st/stm32cubeide_1.11.0/stm32cubeide/plugins/com.st.stm32cube.ide.mcu.externaltools.gnu-tools-for-stm32.10.3-2021.10.win32_1.0.200.202301161003/tools/bin/../lib/gcc/arm-none-eabi/10.3.1/../../../../arm-none-eabi/lib/thumb/v7-m/nofp\libc_nano.a(lib_a-mprec.o)
                0x000000000800f00c                __multiply
 .text.__pow5mult
                0x000000000800f15c       0xb4 c:/st/stm32cubeide_1.11.0/stm32cubeide/plugins/com.st.stm32cube.ide.mcu.externaltools.gnu-tools-for-stm32.10.3-2021.10.win32_1.0.200.202301161003/tools/bin/../lib/gcc/arm-none-eabi/10.3.1/../../../../arm-none-eabi/lib/thumb/v7-m/nofp\libc_nano.a(lib_a-mprec.o)
                0x000000000800f15c                __pow5mult
 .text.__lshift
                0x000000000800f210       0xe0 c:/st/stm32cubeide_1.11.0/stm32cubeide/plugins/com.st.stm32cube.ide.mcu.externaltools.gnu-tools-for-stm32.10.3-2021.10.win32_1.0.200.202301161003/tools/bin/../lib/gcc/arm-none-eabi/10.3.1/../../../../arm-none-eabi/lib/thumb/v7-m/nofp\libc_nano.a(lib_a-mprec.o)
                0x000000000800f210                __lshift
 .text.__mcmp   0x000000000800f2f0       0x36 c:/st/stm32cubeide_1.11.0/stm32cubeide/plugins/com.st.stm32cube.ide.mcu.externaltools.gnu-tools-for-stm32.10.3-2021.10.win32_1.0.200.202301161003/tools/bin/../lib/gcc/arm-none-eabi/10.3.1/../../../../arm-none-eabi/lib/thumb/v7-m/nofp\libc_nano.a(lib_a-mprec.o)
                0x000000000800f2f0                __mcmp
 *fill*         0x000000000800f326        0x2 
 .text.__mdiff  0x000000000800f328      0x118 c:/st/stm32cubeide_1.11.0/stm32cubeide/plugins/com.st.stm32cube.ide.mcu.externaltools.gnu-tools-for-stm32.10.3-2021.10.win32_1.0.200.202301161003/tools/bin/../lib/gcc/arm-none-eabi/10.3.1/../../../../arm-none-eabi/lib/thumb/v7-m/nofp\libc_nano.a(lib_a-mprec.o)
                0x000000000800f328                __mdiff
 .text.__ulp    0x000000000800f440       0x4c c:/st/stm32cubeide_1.11.0/stm32cubeide/plugins/com.st.stm32cube.ide.mcu.externaltools.gnu-tools-for-stm32.10.3-2021.10.win32_1.0.200.202301161003/tools/bin/../lib/gcc/arm-none-eabi/10.3.1/../../../../arm-none-eabi/lib/thumb/v7-m/nofp\libc_nano.a(lib_a-mprec.o)
                0x000000000800f440                __ulp
 .text.__b2d    0x000000000800f48c       0xa8 c:/st/stm32cubeide_1.11.0/stm32cubeide/plugins/com.st.stm32cube.ide.mcu.externaltools.gnu-tools-for-stm32.10.3-2021.10.win32_1.0.200.202301161003/tools/bin/../lib/gcc/arm-none-eabi/10.3.1/../../../../arm-none-eabi/lib/thumb/v7-m/nofp\libc_nano.a(lib_a-mprec.o)
                0x000000000800f48c                __b2d
 .text.__d2b    0x000000000800f534       0xb8 c:/st/stm32cubeide_1.11.0/stm32cubeide/plugins/com.st.stm32cube.ide.mcu.externaltools.gnu-tools-for-stm32.10.3-2021.10.win32_1.0.200.202301161003/tools/bin/../lib/gcc/arm-none-eabi/10.3.1/../../../../arm-none-eabi/lib/thumb/v7-m/nofp\libc_nano.a(lib_a-mprec.o)
                0x000000000800f534                __d2b
 .text.__ratio  0x000000000800f5ec       0x5c c:/st/stm32cubeide_1.11.0/stm32cubeide/plugins/com.st.stm32cube.ide.mcu.externaltools.gnu-tools-for-stm32.10.3-2021.10.win32_1.0.200.202301161003/tools/bin/../lib/gcc/arm-none-eabi/10.3.1/../../../../arm-none-eabi/lib/thumb/v7-m/nofp\libc_nano.a(lib_a-mprec.o)
                0x000000000800f5ec                __ratio
 .text.__copybits
                0x000000000800f648       0x46 c:/st/stm32cubeide_1.11.0/stm32cubeide/plugins/com.st.stm32cube.ide.mcu.externaltools.gnu-tools-for-stm32.10.3-2021.10.win32_1.0.200.202301161003/tools/bin/../lib/gcc/arm-none-eabi/10.3.1/../../../../arm-none-eabi/lib/thumb/v7-m/nofp\libc_nano.a(lib_a-mprec.o)
                0x000000000800f648                __copybits
 .text.__any_on
                0x000000000800f68e       0x42 c:/st/stm32cubeide_1.11.0/stm32cubeide/plugins/com.st.stm32cube.ide.mcu.externaltools.gnu-tools-for-stm32.10.3-2021.10.win32_1.0.200.202301161003/tools/bin/../lib/gcc/arm-none-eabi/10.3.1/../../../../arm-none-eabi/lib/thumb/v7-m/nofp\libc_nano.a(lib_a-mprec.o)
                0x000000000800f68e                __any_on
 .text._calloc_r
                0x000000000800f6d0       0x28 c:/st/stm32cubeide_1.11.0/stm32cubeide/plugins/com.st.stm32cube.ide.mcu.externaltools.gnu-tools-for-stm32.10.3-2021.10.win32_1.0.200.202301161003/tools/bin/../lib/gcc/arm-none-eabi/10.3.1/../../../../arm-none-eabi/lib/thumb/v7-m/nofp\libc_nano.a(lib_a-nano-callocr.o)
                0x000000000800f6d0                _calloc_r
 .text.sbrk_aligned
                0x000000000800f6f8       0x40 c:/st/stm32cubeide_1.11.0/stm32cubeide/plugins/com.st.stm32cube.ide.mcu.externaltools.gnu-tools-for-stm32.10.3-2021.10.win32_1.0.200.202301161003/tools/bin/../lib/gcc/arm-none-eabi/10.3.1/../../../../arm-none-eabi/lib/thumb/v7-m/nofp\libc_nano.a(lib_a-nano-mallocr.o)
 .text._malloc_r
                0x000000000800f738       0xe8 c:/st/stm32cubeide_1.11.0/stm32cubeide/plugins/com.st.stm32cube.ide.mcu.externaltools.gnu-tools-for-stm32.10.3-2021.10.win32_1.0.200.202301161003/tools/bin/../lib/gcc/arm-none-eabi/10.3.1/../../../../arm-none-eabi/lib/thumb/v7-m/nofp\libc_nano.a(lib_a-nano-mallocr.o)
                0x000000000800f738                _malloc_r
 .text.nan      0x000000000800f820        0xc c:/st/stm32cubeide_1.11.0/stm32cubeide/plugins/com.st.stm32cube.ide.mcu.externaltools.gnu-tools-for-stm32.10.3-2021.10.win32_1.0.200.202301161003/tools/bin/../lib/gcc/arm-none-eabi/10.3.1/../../../../arm-none-eabi/lib/thumb/v7-m/nofp\libc_nano.a(lib_a-s_nan.o)
                0x000000000800f820                nan
 .text._sbrk_r  0x000000000800f82c       0x20 c:/st/stm32cubeide_1.11.0/stm32cubeide/plugins/com.st.stm32cube.ide.mcu.externaltools.gnu-tools-for-stm32.10.3-2021.10.win32_1.0.200.202301161003/tools/bin/../lib/gcc/arm-none-eabi/10.3.1/../../../../arm-none-eabi/lib/thumb/v7-m/nofp\libc_nano.a(lib_a-sbrkr.o)
                0x000000000800f82c                _sbrk_r
 .text.nanf     0x000000000800f84c        0x8 c:/st/stm32cubeide_1.11.0/stm32cubeide/plugins/com.st.stm32cube.ide.mcu.externaltools.gnu-tools-for-stm32.10.3-2021.10.win32_1.0.200.202301161003/tools/bin/../lib/gcc/arm-none-eabi/10.3.1/../../../../arm-none-eabi/lib/thumb/v7-m/nofp\libc_nano.a(lib_a-sf_nan.o)
                0x000000000800f84c                nanf
 .text.__ascii_wctomb
                0x000000000800f854       0x1a c:/st/stm32cubeide_1.11.0/stm32cubeide/plugins/com.st.stm32cube.ide.mcu.externaltools.gnu-tools-for-stm32.10.3-2021.10.win32_1.0.200.202301161003/tools/bin/../lib/gcc/arm-none-eabi/10.3.1/../../../../arm-none-eabi/lib/thumb/v7-m/nofp\libc_nano.a(lib_a-wctomb_r.o)
                0x000000000800f854                __ascii_wctomb
 *fill*         0x000000000800f86e        0x2 
 .text.__assert_func
                0x000000000800f870       0x3c c:/st/stm32cubeide_1.11.0/stm32cubeide/plugins/com.st.stm32cube.ide.mcu.externaltools.gnu-tools-for-stm32.10.3-2021.10.win32_1.0.200.202301161003/tools/bin/../lib/gcc/arm-none-eabi/10.3.1/../../../../arm-none-eabi/lib/thumb/v7-m/nofp\libc_nano.a(lib_a-assert.o)
                0x000000000800f870                __assert_func
 .text.fprintf  0x000000000800f8ac       0x24 c:/st/stm32cubeide_1.11.0/stm32cubeide/plugins/com.st.stm32cube.ide.mcu.externaltools.gnu-tools-for-stm32.10.3-2021.10.win32_1.0.200.202301161003/tools/bin/../lib/gcc/arm-none-eabi/10.3.1/../../../../arm-none-eabi/lib/thumb/v7-m/nofp\libc_nano.a(lib_a-fprintf.o)
                0x000000000800f8ac                fiprintf
                0x000000000800f8ac                fprintf
 .text.malloc   0x000000000800f8d0       0x10 c:/st/stm32cubeide_1.11.0/stm32cubeide/plugins/com.st.stm32cube.ide.mcu.externaltools.gnu-tools-for-stm32.10.3-2021.10.win32_1.0.200.202301161003/tools/bin/../lib/gcc/arm-none-eabi/10.3.1/../../../../arm-none-eabi/lib/thumb/v7-m/nofp\libc_nano.a(lib_a-malloc.o)
                0x000000000800f8d0                malloc
 .text.__malloc_lock
                0x000000000800f8e0        0xc c:/st/stm32cubeide_1.11.0/stm32cubeide/plugins/com.st.stm32cube.ide.mcu.externaltools.gnu-tools-for-stm32.10.3-2021.10.win32_1.0.200.202301161003/tools/bin/../lib/gcc/arm-none-eabi/10.3.1/../../../../arm-none-eabi/lib/thumb/v7-m/nofp\libc_nano.a(lib_a-mlock.o)
                0x000000000800f8e0                __malloc_lock
 .text.__malloc_unlock
                0x000000000800f8ec        0xc c:/st/stm32cubeide_1.11.0/stm32cubeide/plugins/com.st.stm32cube.ide.mcu.externaltools.gnu-tools-for-stm32.10.3-2021.10.win32_1.0.200.202301161003/tools/bin/../lib/gcc/arm-none-eabi/10.3.1/../../../../arm-none-eabi/lib/thumb/v7-m/nofp\libc_nano.a(lib_a-mlock.o)
                0x000000000800f8ec                __malloc_unlock
 .text._free_r  0x000000000800f8f8       0x90 c:/st/stm32cubeide_1.11.0/stm32cubeide/plugins/com.st.stm32cube.ide.mcu.externaltools.gnu-tools-for-stm32.10.3-2021.10.win32_1.0.200.202301161003/tools/bin/../lib/gcc/arm-none-eabi/10.3.1/../../../../arm-none-eabi/lib/thumb/v7-m/nofp\libc_nano.a(lib_a-nano-freer.o)
                0x000000000800f8f8                _free_r
 .text.__sfputc_r
                0x000000000800f988       0x2a c:/st/stm32cubeide_1.11.0/stm32cubeide/plugins/com.st.stm32cube.ide.mcu.externaltools.gnu-tools-for-stm32.10.3-2021.10.win32_1.0.200.202301161003/tools/bin/../lib/gcc/arm-none-eabi/10.3.1/../../../../arm-none-eabi/lib/thumb/v7-m/nofp\libc_nano.a(lib_a-nano-vfprintf.o)
 .text.__sfputs_r
                0x000000000800f9b2       0x24 c:/st/stm32cubeide_1.11.0/stm32cubeide/plugins/com.st.stm32cube.ide.mcu.externaltools.gnu-tools-for-stm32.10.3-2021.10.win32_1.0.200.202301161003/tools/bin/../lib/gcc/arm-none-eabi/10.3.1/../../../../arm-none-eabi/lib/thumb/v7-m/nofp\libc_nano.a(lib_a-nano-vfprintf.o)
                0x000000000800f9b2                __sfputs_r
 *fill*         0x000000000800f9d6        0x2 
 .text._vfprintf_r
                0x000000000800f9d8      0x260 c:/st/stm32cubeide_1.11.0/stm32cubeide/plugins/com.st.stm32cube.ide.mcu.externaltools.gnu-tools-for-stm32.10.3-2021.10.win32_1.0.200.202301161003/tools/bin/../lib/gcc/arm-none-eabi/10.3.1/../../../../arm-none-eabi/lib/thumb/v7-m/nofp\libc_nano.a(lib_a-nano-vfprintf.o)
                0x000000000800f9d8                _vfprintf_r
                0x000000000800f9d8                _vfiprintf_r
 .text._printf_common
                0x000000000800fc38       0xde c:/st/stm32cubeide_1.11.0/stm32cubeide/plugins/com.st.stm32cube.ide.mcu.externaltools.gnu-tools-for-stm32.10.3-2021.10.win32_1.0.200.202301161003/tools/bin/../lib/gcc/arm-none-eabi/10.3.1/../../../../arm-none-eabi/lib/thumb/v7-m/nofp\libc_nano.a(lib_a-nano-vfprintf_i.o)
                0x000000000800fc38                _printf_common
 *fill*         0x000000000800fd16        0x2 
 .text._printf_i
                0x000000000800fd18      0x24c c:/st/stm32cubeide_1.11.0/stm32cubeide/plugins/com.st.stm32cube.ide.mcu.externaltools.gnu-tools-for-stm32.10.3-2021.10.win32_1.0.200.202301161003/tools/bin/../lib/gcc/arm-none-eabi/10.3.1/../../../../arm-none-eabi/lib/thumb/v7-m/nofp\libc_nano.a(lib_a-nano-vfprintf_i.o)
                0x000000000800fd18                _printf_i
 .text.__swbuf_r
                0x000000000800ff64       0xa4 c:/st/stm32cubeide_1.11.0/stm32cubeide/plugins/com.st.stm32cube.ide.mcu.externaltools.gnu-tools-for-stm32.10.3-2021.10.win32_1.0.200.202301161003/tools/bin/../lib/gcc/arm-none-eabi/10.3.1/../../../../arm-none-eabi/lib/thumb/v7-m/nofp\libc_nano.a(lib_a-wbuf.o)
                0x000000000800ff64                __swbuf_r
 .text.__swsetup_r
                0x0000000008010008       0xdc c:/st/stm32cubeide_1.11.0/stm32cubeide/plugins/com.st.stm32cube.ide.mcu.externaltools.gnu-tools-for-stm32.10.3-2021.10.win32_1.0.200.202301161003/tools/bin/../lib/gcc/arm-none-eabi/10.3.1/../../../../arm-none-eabi/lib/thumb/v7-m/nofp\libc_nano.a(lib_a-wsetup.o)
                0x0000000008010008                __swsetup_r
 .text.abort    0x00000000080100e4        0xe c:/st/stm32cubeide_1.11.0/stm32cubeide/plugins/com.st.stm32cube.ide.mcu.externaltools.gnu-tools-for-stm32.10.3-2021.10.win32_1.0.200.202301161003/tools/bin/../lib/gcc/arm-none-eabi/10.3.1/../../../../arm-none-eabi/lib/thumb/v7-m/nofp\libc_nano.a(lib_a-abort.o)
                0x00000000080100e4                abort
 *fill*         0x00000000080100f2        0x2 
 .text.__sflush_r
                0x00000000080100f4      0x104 c:/st/stm32cubeide_1.11.0/stm32cubeide/plugins/com.st.stm32cube.ide.mcu.externaltools.gnu-tools-for-stm32.10.3-2021.10.win32_1.0.200.202301161003/tools/bin/../lib/gcc/arm-none-eabi/10.3.1/../../../../arm-none-eabi/lib/thumb/v7-m/nofp\libc_nano.a(lib_a-fflush.o)
                0x00000000080100f4                __sflush_r
 .text._fflush_r
                0x00000000080101f8       0x78 c:/st/stm32cubeide_1.11.0/stm32cubeide/plugins/com.st.stm32cube.ide.mcu.externaltools.gnu-tools-for-stm32.10.3-2021.10.win32_1.0.200.202301161003/tools/bin/../lib/gcc/arm-none-eabi/10.3.1/../../../../arm-none-eabi/lib/thumb/v7-m/nofp\libc_nano.a(lib_a-fflush.o)
                0x00000000080101f8                _fflush_r
 .text.std      0x0000000008010270       0x48 c:/st/stm32cubeide_1.11.0/stm32cubeide/plugins/com.st.stm32cube.ide.mcu.externaltools.gnu-tools-for-stm32.10.3-2021.10.win32_1.0.200.202301161003/tools/bin/../lib/gcc/arm-none-eabi/10.3.1/../../../../arm-none-eabi/lib/thumb/v7-m/nofp\libc_nano.a(lib_a-findfp.o)
 .text._cleanup_r
                0x00000000080102b8        0xc c:/st/stm32cubeide_1.11.0/stm32cubeide/plugins/com.st.stm32cube.ide.mcu.externaltools.gnu-tools-for-stm32.10.3-2021.10.win32_1.0.200.202301161003/tools/bin/../lib/gcc/arm-none-eabi/10.3.1/../../../../arm-none-eabi/lib/thumb/v7-m/nofp\libc_nano.a(lib_a-findfp.o)
                0x00000000080102b8                _cleanup_r
 .text.__sfmoreglue
                0x00000000080102c4       0x2c c:/st/stm32cubeide_1.11.0/stm32cubeide/plugins/com.st.stm32cube.ide.mcu.externaltools.gnu-tools-for-stm32.10.3-2021.10.win32_1.0.200.202301161003/tools/bin/../lib/gcc/arm-none-eabi/10.3.1/../../../../arm-none-eabi/lib/thumb/v7-m/nofp\libc_nano.a(lib_a-findfp.o)
                0x00000000080102c4                __sfmoreglue
 .text.__sfp_lock_acquire
                0x00000000080102f0        0xc c:/st/stm32cubeide_1.11.0/stm32cubeide/plugins/com.st.stm32cube.ide.mcu.externaltools.gnu-tools-for-stm32.10.3-2021.10.win32_1.0.200.202301161003/tools/bin/../lib/gcc/arm-none-eabi/10.3.1/../../../../arm-none-eabi/lib/thumb/v7-m/nofp\libc_nano.a(lib_a-findfp.o)
                0x00000000080102f0                __sfp_lock_acquire
 .text.__sfp_lock_release
                0x00000000080102fc        0xc c:/st/stm32cubeide_1.11.0/stm32cubeide/plugins/com.st.stm32cube.ide.mcu.externaltools.gnu-tools-for-stm32.10.3-2021.10.win32_1.0.200.202301161003/tools/bin/../lib/gcc/arm-none-eabi/10.3.1/../../../../arm-none-eabi/lib/thumb/v7-m/nofp\libc_nano.a(lib_a-findfp.o)
                0x00000000080102fc                __sfp_lock_release
 .text.__sinit_lock_acquire
                0x0000000008010308        0xc c:/st/stm32cubeide_1.11.0/stm32cubeide/plugins/com.st.stm32cube.ide.mcu.externaltools.gnu-tools-for-stm32.10.3-2021.10.win32_1.0.200.202301161003/tools/bin/../lib/gcc/arm-none-eabi/10.3.1/../../../../arm-none-eabi/lib/thumb/v7-m/nofp\libc_nano.a(lib_a-findfp.o)
                0x0000000008010308                __sinit_lock_acquire
 .text.__sinit_lock_release
                0x0000000008010314        0xc c:/st/stm32cubeide_1.11.0/stm32cubeide/plugins/com.st.stm32cube.ide.mcu.externaltools.gnu-tools-for-stm32.10.3-2021.10.win32_1.0.200.202301161003/tools/bin/../lib/gcc/arm-none-eabi/10.3.1/../../../../arm-none-eabi/lib/thumb/v7-m/nofp\libc_nano.a(lib_a-findfp.o)
                0x0000000008010314                __sinit_lock_release
 .text.__sinit  0x0000000008010320       0x70 c:/st/stm32cubeide_1.11.0/stm32cubeide/plugins/com.st.stm32cube.ide.mcu.externaltools.gnu-tools-for-stm32.10.3-2021.10.win32_1.0.200.202301161003/tools/bin/../lib/gcc/arm-none-eabi/10.3.1/../../../../arm-none-eabi/lib/thumb/v7-m/nofp\libc_nano.a(lib_a-findfp.o)
                0x0000000008010320                __sinit
 .text.__sfp    0x0000000008010390       0x8c c:/st/stm32cubeide_1.11.0/stm32cubeide/plugins/com.st.stm32cube.ide.mcu.externaltools.gnu-tools-for-stm32.10.3-2021.10.win32_1.0.200.202301161003/tools/bin/../lib/gcc/arm-none-eabi/10.3.1/../../../../arm-none-eabi/lib/thumb/v7-m/nofp\libc_nano.a(lib_a-findfp.o)
                0x0000000008010390                __sfp
 .text._fwalk_reent
                0x000000000801041c       0x3e c:/st/stm32cubeide_1.11.0/stm32cubeide/plugins/com.st.stm32cube.ide.mcu.externaltools.gnu-tools-for-stm32.10.3-2021.10.win32_1.0.200.202301161003/tools/bin/../lib/gcc/arm-none-eabi/10.3.1/../../../../arm-none-eabi/lib/thumb/v7-m/nofp\libc_nano.a(lib_a-fwalk.o)
                0x000000000801041c                _fwalk_reent
 .text.__retarget_lock_init_recursive
                0x000000000801045a        0x2 c:/st/stm32cubeide_1.11.0/stm32cubeide/plugins/com.st.stm32cube.ide.mcu.externaltools.gnu-tools-for-stm32.10.3-2021.10.win32_1.0.200.202301161003/tools/bin/../lib/gcc/arm-none-eabi/10.3.1/../../../../arm-none-eabi/lib/thumb/v7-m/nofp\libc_nano.a(lib_a-lock.o)
                0x000000000801045a                __retarget_lock_init_recursive
 .text.__retarget_lock_acquire_recursive
                0x000000000801045c        0x2 c:/st/stm32cubeide_1.11.0/stm32cubeide/plugins/com.st.stm32cube.ide.mcu.externaltools.gnu-tools-for-stm32.10.3-2021.10.win32_1.0.200.202301161003/tools/bin/../lib/gcc/arm-none-eabi/10.3.1/../../../../arm-none-eabi/lib/thumb/v7-m/nofp\libc_nano.a(lib_a-lock.o)
                0x000000000801045c                __retarget_lock_acquire_recursive
 .text.__retarget_lock_release_recursive
                0x000000000801045e        0x2 c:/st/stm32cubeide_1.11.0/stm32cubeide/plugins/com.st.stm32cube.ide.mcu.externaltools.gnu-tools-for-stm32.10.3-2021.10.win32_1.0.200.202301161003/tools/bin/../lib/gcc/arm-none-eabi/10.3.1/../../../../arm-none-eabi/lib/thumb/v7-m/nofp\libc_nano.a(lib_a-lock.o)
                0x000000000801045e                __retarget_lock_release_recursive
 .text.__swhatbuf_r
                0x0000000008010460       0x4a c:/st/stm32cubeide_1.11.0/stm32cubeide/plugins/com.st.stm32cube.ide.mcu.externaltools.gnu-tools-for-stm32.10.3-2021.10.win32_1.0.200.202301161003/tools/bin/../lib/gcc/arm-none-eabi/10.3.1/../../../../arm-none-eabi/lib/thumb/v7-m/nofp\libc_nano.a(lib_a-makebuf.o)
                0x0000000008010460                __swhatbuf_r
 *fill*         0x00000000080104aa        0x2 
 .text.__smakebuf_r
                0x00000000080104ac       0x80 c:/st/stm32cubeide_1.11.0/stm32cubeide/plugins/com.st.stm32cube.ide.mcu.externaltools.gnu-tools-for-stm32.10.3-2021.10.win32_1.0.200.202301161003/tools/bin/../lib/gcc/arm-none-eabi/10.3.1/../../../../arm-none-eabi/lib/thumb/v7-m/nofp\libc_nano.a(lib_a-makebuf.o)
                0x00000000080104ac                __smakebuf_r
 .text.memchr   0x000000000801052c       0x1c c:/st/stm32cubeide_1.11.0/stm32cubeide/plugins/com.st.stm32cube.ide.mcu.externaltools.gnu-tools-for-stm32.10.3-2021.10.win32_1.0.200.202301161003/tools/bin/../lib/gcc/arm-none-eabi/10.3.1/../../../../arm-none-eabi/lib/thumb/v7-m/nofp\libc_nano.a(lib_a-memchr-stub.o)
                0x000000000801052c                memchr
 .text._raise_r
                0x0000000008010548       0x50 c:/st/stm32cubeide_1.11.0/stm32cubeide/plugins/com.st.stm32cube.ide.mcu.externaltools.gnu-tools-for-stm32.10.3-2021.10.win32_1.0.200.202301161003/tools/bin/../lib/gcc/arm-none-eabi/10.3.1/../../../../arm-none-eabi/lib/thumb/v7-m/nofp\libc_nano.a(lib_a-signal.o)
                0x0000000008010548                _raise_r
 .text.raise    0x0000000008010598       0x10 c:/st/stm32cubeide_1.11.0/stm32cubeide/plugins/com.st.stm32cube.ide.mcu.externaltools.gnu-tools-for-stm32.10.3-2021.10.win32_1.0.200.202301161003/tools/bin/../lib/gcc/arm-none-eabi/10.3.1/../../../../arm-none-eabi/lib/thumb/v7-m/nofp\libc_nano.a(lib_a-signal.o)
                0x0000000008010598                raise
 .text._kill_r  0x00000000080105a8       0x24 c:/st/stm32cubeide_1.11.0/stm32cubeide/plugins/com.st.stm32cube.ide.mcu.externaltools.gnu-tools-for-stm32.10.3-2021.10.win32_1.0.200.202301161003/tools/bin/../lib/gcc/arm-none-eabi/10.3.1/../../../../arm-none-eabi/lib/thumb/v7-m/nofp\libc_nano.a(lib_a-signalr.o)
                0x00000000080105a8                _kill_r
 .text._getpid_r
                0x00000000080105cc        0x4 c:/st/stm32cubeide_1.11.0/stm32cubeide/plugins/com.st.stm32cube.ide.mcu.externaltools.gnu-tools-for-stm32.10.3-2021.10.win32_1.0.200.202301161003/tools/bin/../lib/gcc/arm-none-eabi/10.3.1/../../../../arm-none-eabi/lib/thumb/v7-m/nofp\libc_nano.a(lib_a-signalr.o)
                0x00000000080105cc                _getpid_r
 .text.__sread  0x00000000080105d0       0x22 c:/st/stm32cubeide_1.11.0/stm32cubeide/plugins/com.st.stm32cube.ide.mcu.externaltools.gnu-tools-for-stm32.10.3-2021.10.win32_1.0.200.202301161003/tools/bin/../lib/gcc/arm-none-eabi/10.3.1/../../../../arm-none-eabi/lib/thumb/v7-m/nofp\libc_nano.a(lib_a-stdio.o)
                0x00000000080105d0                __sread
 .text.__swrite
                0x00000000080105f2       0x38 c:/st/stm32cubeide_1.11.0/stm32cubeide/plugins/com.st.stm32cube.ide.mcu.externaltools.gnu-tools-for-stm32.10.3-2021.10.win32_1.0.200.202301161003/tools/bin/../lib/gcc/arm-none-eabi/10.3.1/../../../../arm-none-eabi/lib/thumb/v7-m/nofp\libc_nano.a(lib_a-stdio.o)
                0x00000000080105f2                __swrite
 .text.__sseek  0x000000000801062a       0x24 c:/st/stm32cubeide_1.11.0/stm32cubeide/plugins/com.st.stm32cube.ide.mcu.externaltools.gnu-tools-for-stm32.10.3-2021.10.win32_1.0.200.202301161003/tools/bin/../lib/gcc/arm-none-eabi/10.3.1/../../../../arm-none-eabi/lib/thumb/v7-m/nofp\libc_nano.a(lib_a-stdio.o)
                0x000000000801062a                __sseek
 .text.__sclose
                0x000000000801064e        0x8 c:/st/stm32cubeide_1.11.0/stm32cubeide/plugins/com.st.stm32cube.ide.mcu.externaltools.gnu-tools-for-stm32.10.3-2021.10.win32_1.0.200.202301161003/tools/bin/../lib/gcc/arm-none-eabi/10.3.1/../../../../arm-none-eabi/lib/thumb/v7-m/nofp\libc_nano.a(lib_a-stdio.o)
                0x000000000801064e                __sclose
 *fill*         0x0000000008010656        0x2 
 .text._write_r
                0x0000000008010658       0x24 c:/st/stm32cubeide_1.11.0/stm32cubeide/plugins/com.st.stm32cube.ide.mcu.externaltools.gnu-tools-for-stm32.10.3-2021.10.win32_1.0.200.202301161003/tools/bin/../lib/gcc/arm-none-eabi/10.3.1/../../../../arm-none-eabi/lib/thumb/v7-m/nofp\libc_nano.a(lib_a-writer.o)
                0x0000000008010658                _write_r
 .text._close_r
                0x000000000801067c       0x20 c:/st/stm32cubeide_1.11.0/stm32cubeide/plugins/com.st.stm32cube.ide.mcu.externaltools.gnu-tools-for-stm32.10.3-2021.10.win32_1.0.200.202301161003/tools/bin/../lib/gcc/arm-none-eabi/10.3.1/../../../../arm-none-eabi/lib/thumb/v7-m/nofp\libc_nano.a(lib_a-closer.o)
                0x000000000801067c                _close_r
 .text._fstat_r
                0x000000000801069c       0x24 c:/st/stm32cubeide_1.11.0/stm32cubeide/plugins/com.st.stm32cube.ide.mcu.externaltools.gnu-tools-for-stm32.10.3-2021.10.win32_1.0.200.202301161003/tools/bin/../lib/gcc/arm-none-eabi/10.3.1/../../../../arm-none-eabi/lib/thumb/v7-m/nofp\libc_nano.a(lib_a-fstatr.o)
                0x000000000801069c                _fstat_r
 .text._isatty_r
                0x00000000080106c0       0x20 c:/st/stm32cubeide_1.11.0/stm32cubeide/plugins/com.st.stm32cube.ide.mcu.externaltools.gnu-tools-for-stm32.10.3-2021.10.win32_1.0.200.202301161003/tools/bin/../lib/gcc/arm-none-eabi/10.3.1/../../../../arm-none-eabi/lib/thumb/v7-m/nofp\libc_nano.a(lib_a-isattyr.o)
                0x00000000080106c0                _isatty_r
 .text._lseek_r
                0x00000000080106e0       0x24 c:/st/stm32cubeide_1.11.0/stm32cubeide/plugins/com.st.stm32cube.ide.mcu.externaltools.gnu-tools-for-stm32.10.3-2021.10.win32_1.0.200.202301161003/tools/bin/../lib/gcc/arm-none-eabi/10.3.1/../../../../arm-none-eabi/lib/thumb/v7-m/nofp\libc_nano.a(lib_a-lseekr.o)
                0x00000000080106e0                _lseek_r
 .text._read_r  0x0000000008010704       0x24 c:/st/stm32cubeide_1.11.0/stm32cubeide/plugins/com.st.stm32cube.ide.mcu.externaltools.gnu-tools-for-stm32.10.3-2021.10.win32_1.0.200.202301161003/tools/bin/../lib/gcc/arm-none-eabi/10.3.1/../../../../arm-none-eabi/lib/thumb/v7-m/nofp\libc_nano.a(lib_a-readr.o)
                0x0000000008010704                _read_r
 .text.cosf     0x0000000008010728       0x70 c:/st/stm32cubeide_1.11.0/stm32cubeide/plugins/com.st.stm32cube.ide.mcu.externaltools.gnu-tools-for-stm32.10.3-2021.10.win32_1.0.200.202301161003/tools/bin/../lib/gcc/arm-none-eabi/10.3.1/../../../../arm-none-eabi/lib/thumb/v7-m/nofp\libm.a(lib_a-sf_cos.o)
                0x0000000008010728                cosf
 .text.sinf     0x0000000008010798       0x74 c:/st/stm32cubeide_1.11.0/stm32cubeide/plugins/com.st.stm32cube.ide.mcu.externaltools.gnu-tools-for-stm32.10.3-2021.10.win32_1.0.200.202301161003/tools/bin/../lib/gcc/arm-none-eabi/10.3.1/../../../../arm-none-eabi/lib/thumb/v7-m/nofp\libm.a(lib_a-sf_sin.o)
                0x0000000008010798                sinf
 .text.pow      0x000000000801080c       0xd0 c:/st/stm32cubeide_1.11.0/stm32cubeide/plugins/com.st.stm32cube.ide.mcu.externaltools.gnu-tools-for-stm32.10.3-2021.10.win32_1.0.200.202301161003/tools/bin/../lib/gcc/arm-none-eabi/10.3.1/../../../../arm-none-eabi/lib/thumb/v7-m/nofp\libm.a(lib_a-w_pow.o)
                0x000000000801080c                pow
 .text.asinf    0x00000000080108dc       0x40 c:/st/stm32cubeide_1.11.0/stm32cubeide/plugins/com.st.stm32cube.ide.mcu.externaltools.gnu-tools-for-stm32.10.3-2021.10.win32_1.0.200.202301161003/tools/bin/../lib/gcc/arm-none-eabi/10.3.1/../../../../arm-none-eabi/lib/thumb/v7-m/nofp\libm.a(lib_a-wf_asin.o)
                0x00000000080108dc                asinf
 .text.atan2f   0x000000000801091c        0x4 c:/st/stm32cubeide_1.11.0/stm32cubeide/plugins/com.st.stm32cube.ide.mcu.externaltools.gnu-tools-for-stm32.10.3-2021.10.win32_1.0.200.202301161003/tools/bin/../lib/gcc/arm-none-eabi/10.3.1/../../../../arm-none-eabi/lib/thumb/v7-m/nofp\libm.a(lib_a-wf_atan2.o)
                0x000000000801091c                atan2f
 .text.sqrtf    0x0000000008010920       0x34 c:/st/stm32cubeide_1.11.0/stm32cubeide/plugins/com.st.stm32cube.ide.mcu.externaltools.gnu-tools-for-stm32.10.3-2021.10.win32_1.0.200.202301161003/tools/bin/../lib/gcc/arm-none-eabi/10.3.1/../../../../arm-none-eabi/lib/thumb/v7-m/nofp\libm.a(lib_a-wf_sqrt.o)
                0x0000000008010920                sqrtf
 *fill*         0x0000000008010954        0x4 
 .text.__ieee754_pow
                0x0000000008010958      0xa2c c:/st/stm32cubeide_1.11.0/stm32cubeide/plugins/com.st.stm32cube.ide.mcu.externaltools.gnu-tools-for-stm32.10.3-2021.10.win32_1.0.200.202301161003/tools/bin/../lib/gcc/arm-none-eabi/10.3.1/../../../../arm-none-eabi/lib/thumb/v7-m/nofp\libm.a(lib_a-e_pow.o)
                0x0000000008010958                __ieee754_pow
 .text.__ieee754_sqrt
                0x0000000008011384      0x160 c:/st/stm32cubeide_1.11.0/stm32cubeide/plugins/com.st.stm32cube.ide.mcu.externaltools.gnu-tools-for-stm32.10.3-2021.10.win32_1.0.200.202301161003/tools/bin/../lib/gcc/arm-none-eabi/10.3.1/../../../../arm-none-eabi/lib/thumb/v7-m/nofp\libm.a(lib_a-e_sqrt.o)
                0x0000000008011384                __ieee754_sqrt
 .text.__ieee754_asinf
                0x00000000080114e4      0x288 c:/st/stm32cubeide_1.11.0/stm32cubeide/plugins/com.st.stm32cube.ide.mcu.externaltools.gnu-tools-for-stm32.10.3-2021.10.win32_1.0.200.202301161003/tools/bin/../lib/gcc/arm-none-eabi/10.3.1/../../../../arm-none-eabi/lib/thumb/v7-m/nofp\libm.a(lib_a-ef_asin.o)
                0x00000000080114e4                __ieee754_asinf
 .text.__ieee754_atan2f
                0x000000000801176c      0x10c c:/st/stm32cubeide_1.11.0/stm32cubeide/plugins/com.st.stm32cube.ide.mcu.externaltools.gnu-tools-for-stm32.10.3-2021.10.win32_1.0.200.202301161003/tools/bin/../lib/gcc/arm-none-eabi/10.3.1/../../../../arm-none-eabi/lib/thumb/v7-m/nofp\libm.a(lib_a-ef_atan2.o)
                0x000000000801176c                __ieee754_atan2f
 .text.__ieee754_rem_pio2f
                0x0000000008011878      0x2bc c:/st/stm32cubeide_1.11.0/stm32cubeide/plugins/com.st.stm32cube.ide.mcu.externaltools.gnu-tools-for-stm32.10.3-2021.10.win32_1.0.200.202301161003/tools/bin/../lib/gcc/arm-none-eabi/10.3.1/../../../../arm-none-eabi/lib/thumb/v7-m/nofp\libm.a(lib_a-ef_rem_pio2.o)
                0x0000000008011878                __ieee754_rem_pio2f
 .text.__ieee754_sqrtf
                0x0000000008011b34       0xa2 c:/st/stm32cubeide_1.11.0/stm32cubeide/plugins/com.st.stm32cube.ide.mcu.externaltools.gnu-tools-for-stm32.10.3-2021.10.win32_1.0.200.202301161003/tools/bin/../lib/gcc/arm-none-eabi/10.3.1/../../../../arm-none-eabi/lib/thumb/v7-m/nofp\libm.a(lib_a-ef_sqrt.o)
                0x0000000008011b34                __ieee754_sqrtf
 *fill*         0x0000000008011bd6        0x2 
 .text.__kernel_cosf
                0x0000000008011bd8      0x100 c:/st/stm32cubeide_1.11.0/stm32cubeide/plugins/com.st.stm32cube.ide.mcu.externaltools.gnu-tools-for-stm32.10.3-2021.10.win32_1.0.200.202301161003/tools/bin/../lib/gcc/arm-none-eabi/10.3.1/../../../../arm-none-eabi/lib/thumb/v7-m/nofp\libm.a(lib_a-kf_cos.o)
                0x0000000008011bd8                __kernel_cosf
 .text.__kernel_rem_pio2f
                0x0000000008011cd8      0x564 c:/st/stm32cubeide_1.11.0/stm32cubeide/plugins/com.st.stm32cube.ide.mcu.externaltools.gnu-tools-for-stm32.10.3-2021.10.win32_1.0.200.202301161003/tools/bin/../lib/gcc/arm-none-eabi/10.3.1/../../../../arm-none-eabi/lib/thumb/v7-m/nofp\libm.a(lib_a-kf_rem_pio2.o)
                0x0000000008011cd8                __kernel_rem_pio2f
 .text.__kernel_sinf
                0x000000000801223c       0xec c:/st/stm32cubeide_1.11.0/stm32cubeide/plugins/com.st.stm32cube.ide.mcu.externaltools.gnu-tools-for-stm32.10.3-2021.10.win32_1.0.200.202301161003/tools/bin/../lib/gcc/arm-none-eabi/10.3.1/../../../../arm-none-eabi/lib/thumb/v7-m/nofp\libm.a(lib_a-kf_sin.o)
                0x000000000801223c                __kernel_sinf
 .text.with_errno
                0x0000000008012328       0x14 c:/st/stm32cubeide_1.11.0/stm32cubeide/plugins/com.st.stm32cube.ide.mcu.externaltools.gnu-tools-for-stm32.10.3-2021.10.win32_1.0.200.202301161003/tools/bin/../lib/gcc/arm-none-eabi/10.3.1/../../../../arm-none-eabi/lib/thumb/v7-m/nofp\libm.a(lib_a-math_err.o)
 .text.xflow    0x000000000801233c       0x30 c:/st/stm32cubeide_1.11.0/stm32cubeide/plugins/com.st.stm32cube.ide.mcu.externaltools.gnu-tools-for-stm32.10.3-2021.10.win32_1.0.200.202301161003/tools/bin/../lib/gcc/arm-none-eabi/10.3.1/../../../../arm-none-eabi/lib/thumb/v7-m/nofp\libm.a(lib_a-math_err.o)
 .text.__math_uflow
                0x000000000801236c        0xa c:/st/stm32cubeide_1.11.0/stm32cubeide/plugins/com.st.stm32cube.ide.mcu.externaltools.gnu-tools-for-stm32.10.3-2021.10.win32_1.0.200.202301161003/tools/bin/../lib/gcc/arm-none-eabi/10.3.1/../../../../arm-none-eabi/lib/thumb/v7-m/nofp\libm.a(lib_a-math_err.o)
                0x000000000801236c                __math_uflow
 .text.__math_oflow
                0x0000000008012376        0xa c:/st/stm32cubeide_1.11.0/stm32cubeide/plugins/com.st.stm32cube.ide.mcu.externaltools.gnu-tools-for-stm32.10.3-2021.10.win32_1.0.200.202301161003/tools/bin/../lib/gcc/arm-none-eabi/10.3.1/../../../../arm-none-eabi/lib/thumb/v7-m/nofp\libm.a(lib_a-math_err.o)
                0x0000000008012376                __math_oflow
 .text.fabs     0x0000000008012380        0x6 c:/st/stm32cubeide_1.11.0/stm32cubeide/plugins/com.st.stm32cube.ide.mcu.externaltools.gnu-tools-for-stm32.10.3-2021.10.win32_1.0.200.202301161003/tools/bin/../lib/gcc/arm-none-eabi/10.3.1/../../../../arm-none-eabi/lib/thumb/v7-m/nofp\libm.a(lib_a-s_fabs.o)
                0x0000000008012380                fabs
 .text.finite   0x0000000008012386        0xc c:/st/stm32cubeide_1.11.0/stm32cubeide/plugins/com.st.stm32cube.ide.mcu.externaltools.gnu-tools-for-stm32.10.3-2021.10.win32_1.0.200.202301161003/tools/bin/../lib/gcc/arm-none-eabi/10.3.1/../../../../arm-none-eabi/lib/thumb/v7-m/nofp\libm.a(lib_a-s_finite.o)
                0x0000000008012386                finite